Archive member included to satisfy reference by file (symbol)

/usr/bin/../lib/gcc/arm-none-eabi/11.2.1/../../../../arm-none-eabi/lib/thumb/v7e-m+fp/hard/libc_nano.a(lib_a-errno.o)
                              ./Core/Src/syscalls.o (__errno)
/usr/bin/../lib/gcc/arm-none-eabi/11.2.1/../../../../arm-none-eabi/lib/thumb/v7e-m+fp/hard/libc_nano.a(lib_a-exit.o)
                              /usr/bin/../lib/gcc/arm-none-eabi/11.2.1/../../../../arm-none-eabi/lib/thumb/v7e-m+fp/hard/crt0.o (exit)
/usr/bin/../lib/gcc/arm-none-eabi/11.2.1/../../../../arm-none-eabi/lib/thumb/v7e-m+fp/hard/libc_nano.a(lib_a-fflush.o)
                              ./BlueNRG_MS/App/sample_service.o (fflush)
/usr/bin/../lib/gcc/arm-none-eabi/11.2.1/../../../../arm-none-eabi/lib/thumb/v7e-m+fp/hard/libc_nano.a(lib_a-findfp.o)
                              /usr/bin/../lib/gcc/arm-none-eabi/11.2.1/../../../../arm-none-eabi/lib/thumb/v7e-m+fp/hard/libc_nano.a(lib_a-fflush.o) (__sinit)
/usr/bin/../lib/gcc/arm-none-eabi/11.2.1/../../../../arm-none-eabi/lib/thumb/v7e-m+fp/hard/libc_nano.a(lib_a-fwalk.o)
                              /usr/bin/../lib/gcc/arm-none-eabi/11.2.1/../../../../arm-none-eabi/lib/thumb/v7e-m+fp/hard/libc_nano.a(lib_a-findfp.o) (_fwalk)
/usr/bin/../lib/gcc/arm-none-eabi/11.2.1/../../../../arm-none-eabi/lib/thumb/v7e-m+fp/hard/libc_nano.a(lib_a-impure.o)
                              /usr/bin/../lib/gcc/arm-none-eabi/11.2.1/../../../../arm-none-eabi/lib/thumb/v7e-m+fp/hard/libc_nano.a(lib_a-exit.o) (_global_impure_ptr)
/usr/bin/../lib/gcc/arm-none-eabi/11.2.1/../../../../arm-none-eabi/lib/thumb/v7e-m+fp/hard/libc_nano.a(lib_a-init.o)
                              /usr/bin/../lib/gcc/arm-none-eabi/11.2.1/../../../../arm-none-eabi/lib/thumb/v7e-m+fp/hard/crt0.o (__libc_init_array)
/usr/bin/../lib/gcc/arm-none-eabi/11.2.1/../../../../arm-none-eabi/lib/thumb/v7e-m+fp/hard/libc_nano.a(lib_a-memcpy-stub.o)
                              ./Middlewares/ST/BlueNRG-MS/hci/controller/bluenrg_gap_aci.o (memcpy)
/usr/bin/../lib/gcc/arm-none-eabi/11.2.1/../../../../arm-none-eabi/lib/thumb/v7e-m+fp/hard/libc_nano.a(lib_a-memset.o)
                              /usr/bin/../lib/gcc/arm-none-eabi/11.2.1/../../../../arm-none-eabi/lib/thumb/v7e-m+fp/hard/crt0.o (memset)
/usr/bin/../lib/gcc/arm-none-eabi/11.2.1/../../../../arm-none-eabi/lib/thumb/v7e-m+fp/hard/libc_nano.a(lib_a-nano-freer.o)
                              /usr/bin/../lib/gcc/arm-none-eabi/11.2.1/../../../../arm-none-eabi/lib/thumb/v7e-m+fp/hard/libc_nano.a(lib_a-fflush.o) (_free_r)
/usr/bin/../lib/gcc/arm-none-eabi/11.2.1/../../../../arm-none-eabi/lib/thumb/v7e-m+fp/hard/libc_nano.a(lib_a-nano-mallocr.o)
                              /usr/bin/../lib/gcc/arm-none-eabi/11.2.1/../../../../arm-none-eabi/lib/thumb/v7e-m+fp/hard/libc_nano.a(lib_a-findfp.o) (_malloc_r)
/usr/bin/../lib/gcc/arm-none-eabi/11.2.1/../../../../arm-none-eabi/lib/thumb/v7e-m+fp/hard/libc_nano.a(lib_a-printf.o)
                              ./BlueNRG_MS/App/app_bluenrg_ms.o (printf)
/usr/bin/../lib/gcc/arm-none-eabi/11.2.1/../../../../arm-none-eabi/lib/thumb/v7e-m+fp/hard/libc_nano.a(lib_a-putchar.o)
                              ./BlueNRG_MS/App/sample_service.o (putchar)
/usr/bin/../lib/gcc/arm-none-eabi/11.2.1/../../../../arm-none-eabi/lib/thumb/v7e-m+fp/hard/libc_nano.a(lib_a-putc.o)
                              /usr/bin/../lib/gcc/arm-none-eabi/11.2.1/../../../../arm-none-eabi/lib/thumb/v7e-m+fp/hard/libc_nano.a(lib_a-putchar.o) (_putc_r)
/usr/bin/../lib/gcc/arm-none-eabi/11.2.1/../../../../arm-none-eabi/lib/thumb/v7e-m+fp/hard/libc_nano.a(lib_a-puts.o)
                              ./BlueNRG_MS/App/app_bluenrg_ms.o (puts)
/usr/bin/../lib/gcc/arm-none-eabi/11.2.1/../../../../arm-none-eabi/lib/thumb/v7e-m+fp/hard/libc_nano.a(lib_a-sbrkr.o)
                              /usr/bin/../lib/gcc/arm-none-eabi/11.2.1/../../../../arm-none-eabi/lib/thumb/v7e-m+fp/hard/libc_nano.a(lib_a-nano-mallocr.o) (_sbrk_r)
/usr/bin/../lib/gcc/arm-none-eabi/11.2.1/../../../../arm-none-eabi/lib/thumb/v7e-m+fp/hard/libc_nano.a(lib_a-stdio.o)
                              /usr/bin/../lib/gcc/arm-none-eabi/11.2.1/../../../../arm-none-eabi/lib/thumb/v7e-m+fp/hard/libc_nano.a(lib_a-findfp.o) (__sread)
/usr/bin/../lib/gcc/arm-none-eabi/11.2.1/../../../../arm-none-eabi/lib/thumb/v7e-m+fp/hard/libc_nano.a(lib_a-wbuf.o)
                              /usr/bin/../lib/gcc/arm-none-eabi/11.2.1/../../../../arm-none-eabi/lib/thumb/v7e-m+fp/hard/libc_nano.a(lib_a-putc.o) (__swbuf_r)
/usr/bin/../lib/gcc/arm-none-eabi/11.2.1/../../../../arm-none-eabi/lib/thumb/v7e-m+fp/hard/libc_nano.a(lib_a-writer.o)
                              /usr/bin/../lib/gcc/arm-none-eabi/11.2.1/../../../../arm-none-eabi/lib/thumb/v7e-m+fp/hard/libc_nano.a(lib_a-stdio.o) (_write_r)
/usr/bin/../lib/gcc/arm-none-eabi/11.2.1/../../../../arm-none-eabi/lib/thumb/v7e-m+fp/hard/libc_nano.a(lib_a-wsetup.o)
[...]
Memory Configuration

Name             Origin             Length             Attributes
RAM              0x0000000020000000 0x0000000000010000 xrw
RAM2             0x0000000010000000 0x0000000000004000 xrw
FLASH            0x0000000008000000 0x0000000000040000 xr
*default*        0x0000000000000000 0xffffffffffffffff

Linker script and memory map

LOAD /usr/bin/../lib/gcc/arm-none-eabi/11.2.1/thumb/v7e-m+fp/hard/crti.o
LOAD /usr/bin/../lib/gcc/arm-none-eabi/11.2.1/thumb/v7e-m+fp/hard/crtbegin.o
LOAD /usr/bin/../lib/gcc/arm-none-eabi/11.2.1/../../../../arm-none-eabi/lib/thumb/v7e-m+fp/hard/crt0.o
LOAD ./BlueNRG_MS/App/app_bluenrg_ms.o
LOAD ./BlueNRG_MS/App/sample_service.o
LOAD ./BlueNRG_MS/Target/hci_tl_interface.o
LOAD ./Core/Src/custom_bus.o
LOAD ./Core/Src/main.o
LOAD ./Core/Src/stm32l4xx_hal_msp.o
LOAD ./Core/Src/stm32l4xx_it.o
LOAD ./Core/Src/syscalls.o
LOAD ./Core/Src/sysmem.o
LOAD ./Core/Src/system_stm32l4xx.o
LOAD ./Core/Startup/startup_stm32l431rctx.o
LOAD ./Drivers/BSP/custom/custom.o
LOAD ./Drivers/STM32L4xx_HAL_Driver/Src/stm32l4xx_hal.o
LOAD ./Drivers/STM32L4xx_HAL_Driver/Src/stm32l4xx_hal_cortex.o
LOAD ./Drivers/STM32L4xx_HAL_Driver/Src/stm32l4xx_hal_dma.o
LOAD ./Drivers/STM32L4xx_HAL_Driver/Src/stm32l4xx_hal_dma_ex.o
LOAD ./Drivers/STM32L4xx_HAL_Driver/Src/stm32l4xx_hal_exti.o
LOAD ./Drivers/STM32L4xx_HAL_Driver/Src/stm32l4xx_hal_flash.o
LOAD ./Drivers/STM32L4xx_HAL_Driver/Src/stm32l4xx_hal_flash_ex.o
LOAD ./Drivers/STM32L4xx_HAL_Driver/Src/stm32l4xx_hal_flash_ramfunc.o
LOAD ./Drivers/STM32L4xx_HAL_Driver/Src/stm32l4xx_hal_gpio.o
LOAD ./Drivers/STM32L4xx_HAL_Driver/Src/stm32l4xx_hal_i2c.o
LOAD ./Drivers/STM32L4xx_HAL_Driver/Src/stm32l4xx_hal_i2c_ex.o
LOAD ./Drivers/STM32L4xx_HAL_Driver/Src/stm32l4xx_hal_pwr.o
LOAD ./Drivers/STM32L4xx_HAL_Driver/Src/stm32l4xx_hal_pwr_ex.o
LOAD ./Drivers/STM32L4xx_HAL_Driver/Src/stm32l4xx_hal_rcc.o
LOAD ./Drivers/STM32L4xx_HAL_Driver/Src/stm32l4xx_hal_rcc_ex.o
LOAD ./Drivers/STM32L4xx_HAL_Driver/Src/stm32l4xx_hal_spi.o
LOAD ./Drivers/STM32L4xx_HAL_Driver/Src/stm32l4xx_hal_spi_ex.o
LOAD ./Drivers/STM32L4xx_HAL_Driver/Src/stm32l4xx_hal_tim.o
LOAD ./Drivers/STM32L4xx_HAL_Driver/Src/stm32l4xx_hal_tim_ex.o
LOAD ./Drivers/STM32L4xx_HAL_Driver/Src/stm32l4xx_hal_uart.o
LOAD ./Drivers/STM32L4xx_HAL_Driver/Src/stm32l4xx_hal_uart_ex.o
LOAD ./Middlewares/ST/BlueNRG-MS/hci/controller/bluenrg_gap_aci.o
LOAD ./Middlewares/ST/BlueNRG-MS/hci/controller/bluenrg_gatt_aci.o
LOAD ./Middlewares/ST/BlueNRG-MS/hci/controller/bluenrg_hal_aci.o
LOAD ./Middlewares/ST/BlueNRG-MS/hci/controller/bluenrg_l2cap_aci.o
LOAD ./Middlewares/ST/BlueNRG-MS/hci/controller/bluenrg_updater_aci.o
LOAD ./Middlewares/ST/BlueNRG-MS/hci/controller/bluenrg_utils_small.o
LOAD ./Middlewares/ST/BlueNRG-MS/hci/hci_le.o
LOAD ./Middlewares/ST/BlueNRG-MS/hci/hci_tl_patterns/Basic/hci_tl.o
LOAD ./Middlewares/ST/BlueNRG-MS/utils/ble_list.o
START GROUP
LOAD /usr/bin/../lib/gcc/arm-none-eabi/11.2.1/../../../../arm-none-eabi/lib/thumb/v7e-m+fp/hard/libc_nano.a
LOAD /usr/bin/../lib/gcc/arm-none-eabi/11.2.1/../../../../arm-none-eabi/lib/thumb/v7e-m+fp/hard/libm.a
END GROUP
START GROUP
LOAD /usr/bin/../lib/gcc/arm-none-eabi/11.2.1/thumb/v7e-m+fp/hard/libgcc.a
LOAD /usr/bin/../lib/gcc/arm-none-eabi/11.2.1/../../../../arm-none-eabi/lib/thumb/v7e-m+fp/hard/libc_nano.a
END GROUP
START GROUP
LOAD /usr/bin/../lib/gcc/arm-none-eabi/11.2.1/thumb/v7e-m+fp/hard/libgcc.a
LOAD /usr/bin/../lib/gcc/arm-none-eabi/11.2.1/../../../../arm-none-eabi/lib/thumb/v7e-m+fp/hard/libc_nano.a
LOAD /usr/bin/../lib/gcc/arm-none-eabi/11.2.1/../../../../arm-none-eabi/lib/thumb/v7e-m+fp/hard/libnosys.a
END GROUP
START GROUP
LOAD /usr/bin/../lib/gcc/arm-none-eabi/11.2.1/thumb/v7e-m+fp/hard/libgcc.a
LOAD /usr/bin/../lib/gcc/arm-none-eabi/11.2.1/../../../../arm-none-eabi/lib/thumb/v7e-m+fp/hard/libc_nano.a
LOAD /usr/bin/../lib/gcc/arm-none-eabi/11.2.1/../../../../arm-none-eabi/lib/thumb/v7e-m+fp/hard/libnosys.a
END GROUP
LOAD /usr/bin/../lib/gcc/arm-none-eabi/11.2.1/thumb/v7e-m+fp/hard/crtend.o
LOAD /usr/bin/../lib/gcc/arm-none-eabi/11.2.1/thumb/v7e-m+fp/hard/crtn.o
                0x0000000020010000                _estack = (ORIGIN (RAM) + LENGTH (RAM))
                0x0000000000000200                _Min_Heap_Size = 0x200
                0x0000000000000400                _Min_Stack_Size = 0x400

.isr_vector     0x0000000008000000      0x18c
                0x0000000008000000                . = ALIGN (0x4)
 *(.isr_vector)
 .isr_vector    0x0000000008000000      0x18c ./Core/Startup/startup_stm32l431rctx.o
                0x0000000008000000                g_pfnVectors
                0x000000000800018c                . = ALIGN (0x4)

.text           0x0000000008000190     0x8114
                0x0000000008000190                . = ALIGN (0x4)
 *(.text)
 .text          0x0000000008000190       0xa0 /usr/bin/../lib/gcc/arm-none-eabi/11.2.1/../../../../arm-none-eabi/lib/thumb/v7e-m+fp/hard/libc_nano.a(lib_a-memchr.o)
                0x0000000008000190                memchr
 .text          0x0000000008000230       0x30 /usr/bin/../lib/gcc/arm-none-eabi/11.2.1/thumb/v7e-m+fp/hard/libgcc.a(_aeabi_uldivmod.o)
                0x0000000008000230                __aeabi_uldivmod
 .text          0x0000000008000260        0x4 /usr/bin/../lib/gcc/arm-none-eabi/11.2.1/thumb/v7e-m+fp/hard/libgcc.a(_dvmd_tls.o)
                0x0000000008000260                __aeabi_ldiv0
                0x0000000008000260                __aeabi_idiv0
 *(.text*)
 .text.deregister_tm_clones
                0x0000000008000264       0x1c /usr/bin/../lib/gcc/arm-none-eabi/11.2.1/thumb/v7e-m+fp/hard/crtbegin.o
 .text.register_tm_clones
                0x0000000008000280       0x24 /usr/bin/../lib/gcc/arm-none-eabi/11.2.1/thumb/v7e-m+fp/hard/crtbegin.o
 .text.__do_global_dtors_aux
                0x00000000080002a4       0x28 /usr/bin/../lib/gcc/arm-none-eabi/11.2.1/thumb/v7e-m+fp/hard/crtbegin.o
 .text.frame_dummy
                0x00000000080002cc       0x24 /usr/bin/../lib/gcc/arm-none-eabi/11.2.1/thumb/v7e-m+fp/hard/crtbegin.o
 .text.trigger  0x00000000080002f0       0x28 ./BlueNRG_MS/App/app_bluenrg_ms.o
                0x00000000080002f0                trigger
 .text.MX_BlueNRG_MS_Init
                0x0000000008000318      0x214 ./BlueNRG_MS/App/app_bluenrg_ms.o
                0x0000000008000318                MX_BlueNRG_MS_Init
 .text.MX_BlueNRG_MS_Process
                0x000000000800052c       0x10 ./BlueNRG_MS/App/app_bluenrg_ms.o
                0x000000000800052c                MX_BlueNRG_MS_Process
 .text.User_Init
                0x000000000800053c       0x1c ./BlueNRG_MS/App/app_bluenrg_ms.o
 .text.User_Process
                0x0000000008000558      0x11c ./BlueNRG_MS/App/app_bluenrg_ms.o
 .text.BSP_PB_Callback
                0x0000000008000674       0x20 ./BlueNRG_MS/App/app_bluenrg_ms.o
                0x0000000008000674                BSP_PB_Callback
 .text.Add_Sample_Service
                0x0000000008000694       0xe4 ./BlueNRG_MS/App/sample_service.o
                0x0000000008000694                Add_Sample_Service
 .text.Make_Connection
                0x0000000008000778       0xd4 ./BlueNRG_MS/App/sample_service.o
                0x0000000008000778                Make_Connection
 .text.startReadTXCharHandle
                0x000000000800084c       0x4c ./BlueNRG_MS/App/sample_service.o
                0x000000000800084c                startReadTXCharHandle
 .text.startReadRXCharHandle
                0x0000000008000898       0x4c ./BlueNRG_MS/App/sample_service.o
                0x0000000008000898                startReadRXCharHandle
 .text.receiveData
                0x00000000080008e4       0x4c ./BlueNRG_MS/App/sample_service.o
                0x00000000080008e4                receiveData
 .text.sendData
                0x0000000008000930       0x60 ./BlueNRG_MS/App/sample_service.o
                0x0000000008000930                sendData
 .text.enableNotification
                0x0000000008000990       0x60 ./BlueNRG_MS/App/sample_service.o
                0x0000000008000990                enableNotification
 .text.Attribute_Modified_CB
                0x00000000080009f0       0x58 ./BlueNRG_MS/App/sample_service.o
                0x00000000080009f0                Attribute_Modified_CB
 .text.GAP_ConnectionComplete_CB
                0x0000000008000a48       0x68 ./BlueNRG_MS/App/sample_service.o
                0x0000000008000a48                GAP_ConnectionComplete_CB
 .text.GAP_DisconnectionComplete_CB
                0x0000000008000ab0       0x58 ./BlueNRG_MS/App/sample_service.o
                0x0000000008000ab0                GAP_DisconnectionComplete_CB
 .text.GATT_Notification_CB
                0x0000000008000b08       0x34 ./BlueNRG_MS/App/sample_service.o
                0x0000000008000b08                GATT_Notification_CB
 .text.user_notify
                0x0000000008000b3c      0x218 ./BlueNRG_MS/App/sample_service.o
                0x0000000008000b3c                user_notify
 .text.HCI_TL_SPI_Init
                0x0000000008000d54       0x8c ./BlueNRG_MS/Target/hci_tl_interface.o
                0x0000000008000d54                HCI_TL_SPI_Init
 .text.HCI_TL_SPI_DeInit
                0x0000000008000de0       0x2c ./BlueNRG_MS/Target/hci_tl_interface.o
                0x0000000008000de0                HCI_TL_SPI_DeInit
 .text.HCI_TL_SPI_Reset
                0x0000000008000e0c       0x3a ./BlueNRG_MS/Target/hci_tl_interface.o
                0x0000000008000e0c                HCI_TL_SPI_Reset
 *fill*         0x0000000008000e46        0x2 
 .text.HCI_TL_SPI_Receive
                0x0000000008000e48       0xb4 ./BlueNRG_MS/Target/hci_tl_interface.o
                0x0000000008000e48                HCI_TL_SPI_Receive
 .text.HCI_TL_SPI_Send
                0x0000000008000efc       0xa8 ./BlueNRG_MS/Target/hci_tl_interface.o
                0x0000000008000efc                HCI_TL_SPI_Send
 .text.IsDataAvailable
                0x0000000008000fa4       0x20 ./BlueNRG_MS/Target/hci_tl_interface.o
 .text.hci_tl_lowlevel_init
                0x0000000008000fc4       0x74 ./BlueNRG_MS/Target/hci_tl_interface.o
                0x0000000008000fc4                hci_tl_lowlevel_init
 .text.hci_tl_lowlevel_isr
                0x0000000008001038       0x22 ./BlueNRG_MS/Target/hci_tl_interface.o
                0x0000000008001038                hci_tl_lowlevel_isr
 *fill*         0x000000000800105a        0x2 
 .text.BSP_SPI1_Init
                0x000000000800105c       0x60 ./Core/Src/custom_bus.o
                0x000000000800105c                BSP_SPI1_Init
 .text.BSP_SPI1_SendRecv
                0x00000000080010bc       0x40 ./Core/Src/custom_bus.o
                0x00000000080010bc                BSP_SPI1_SendRecv
 .text.BSP_GetTick
                0x00000000080010fc        0xe ./Core/Src/custom_bus.o
                0x00000000080010fc                BSP_GetTick
 *fill*         0x000000000800110a        0x2 
 .text.MX_SPI1_Init
                0x000000000800110c       0x84 ./Core/Src/custom_bus.o
                0x000000000800110c                MX_SPI1_Init
 .text.SPI1_MspInit
                0x0000000008001190       0xac ./Core/Src/custom_bus.o
 .text.spiDataReadyCallback
                0x000000000800123c       0x28 ./Core/Src/main.o
                0x000000000800123c                spiDataReadyCallback
 .text.main     0x0000000008001264       0x1e ./Core/Src/main.o
                0x0000000008001264                main
 .text.SystemClock_Config
                0x0000000008001282       0x8c ./Core/Src/main.o
                0x0000000008001282                SystemClock_Config
 *fill*         0x000000000800130e        0x2 
 .text.MX_USART1_UART_Init
                0x0000000008001310       0x60 ./Core/Src/main.o
 .text.MX_GPIO_Init
                0x0000000008001370      0x100 ./Core/Src/main.o
 .text.classify
                0x0000000008001470       0x44 ./Core/Src/main.o
                0x0000000008001470                classify
 .text.dataHandler
                0x00000000080014b4       0xe8 ./Core/Src/main.o
                0x00000000080014b4                dataHandler
 .text.HAL_UART_RxCpltCallback
                0x000000000800159c       0x14 ./Core/Src/main.o
                0x000000000800159c                HAL_UART_RxCpltCallback
 .text.Error_Handler
                0x00000000080015b0        0xa ./Core/Src/main.o
                0x00000000080015b0                Error_Handler
 *fill*         0x00000000080015ba        0x2 
 .text.HAL_MspInit
                0x00000000080015bc       0x48 ./Core/Src/stm32l4xx_hal_msp.o
                0x00000000080015bc                HAL_MspInit
 .text.HAL_UART_MspInit
                0x0000000008001604       0xc0 ./Core/Src/stm32l4xx_hal_msp.o
                0x0000000008001604                HAL_UART_MspInit
 .text.NMI_Handler
                0x00000000080016c4        0x6 ./Core/Src/stm32l4xx_it.o
                0x00000000080016c4                NMI_Handler
 .text.HardFault_Handler
                0x00000000080016ca        0x6 ./Core/Src/stm32l4xx_it.o
                0x00000000080016ca                HardFault_Handler
 .text.MemManage_Handler
                0x00000000080016d0        0x6 ./Core/Src/stm32l4xx_it.o
                0x00000000080016d0                MemManage_Handler
 .text.BusFault_Handler
                0x00000000080016d6        0x6 ./Core/Src/stm32l4xx_it.o
                0x00000000080016d6                BusFault_Handler
 .text.UsageFault_Handler
                0x00000000080016dc        0x6 ./Core/Src/stm32l4xx_it.o
                0x00000000080016dc                UsageFault_Handler
 .text.SVC_Handler
                0x00000000080016e2        0xe ./Core/Src/stm32l4xx_it.o
                0x00000000080016e2                SVC_Handler
 .text.DebugMon_Handler
                0x00000000080016f0        0xe ./Core/Src/stm32l4xx_it.o
                0x00000000080016f0                DebugMon_Handler
 .text.PendSV_Handler
                0x00000000080016fe        0xe ./Core/Src/stm32l4xx_it.o
                0x00000000080016fe                PendSV_Handler
 .text.SysTick_Handler
                0x000000000800170c        0xc ./Core/Src/stm32l4xx_it.o
                0x000000000800170c                SysTick_Handler
 .text.EXTI4_IRQHandler
                0x0000000008001718       0x14 ./Core/Src/stm32l4xx_it.o
                0x0000000008001718                EXTI4_IRQHandler
 .text.EXTI9_5_IRQHandler
                0x000000000800172c       0x14 ./Core/Src/stm32l4xx_it.o
                0x000000000800172c                EXTI9_5_IRQHandler
 .text.USART1_IRQHandler
                0x0000000008001740       0x14 ./Core/Src/stm32l4xx_it.o
                0x0000000008001740                USART1_IRQHandler
 .text.EXTI15_10_IRQHandler
                0x0000000008001754       0x14 ./Core/Src/stm32l4xx_it.o
                0x0000000008001754                EXTI15_10_IRQHandler
 .text._read    0x0000000008001768       0x3a ./Core/Src/syscalls.o
                0x0000000008001768                _read
 .text._write   0x00000000080017a2       0x38 ./Core/Src/syscalls.o
                0x00000000080017a2                _write
 .text._close   0x00000000080017da       0x18 ./Core/Src/syscalls.o
                0x00000000080017da                _close
 .text._fstat   0x00000000080017f2       0x20 ./Core/Src/syscalls.o
                0x00000000080017f2                _fstat
 .text._isatty  0x0000000008001812       0x16 ./Core/Src/syscalls.o
                0x0000000008001812                _isatty
 .text._lseek   0x0000000008001828       0x1a ./Core/Src/syscalls.o
                0x0000000008001828                _lseek
 *fill*         0x0000000008001842        0x2 
 .text._sbrk    0x0000000008001844       0x6c ./Core/Src/sysmem.o
                0x0000000008001844                _sbrk
 .text.SystemInit
                0x00000000080018b0       0x24 ./Core/Src/system_stm32l4xx.o
                0x00000000080018b0                SystemInit
 .text.Reset_Handler
                0x00000000080018d4       0x50 ./Core/Startup/startup_stm32l431rctx.o
                0x00000000080018d4                Reset_Handler
 .text.Default_Handler
                0x0000000008001924        0x2 ./Core/Startup/startup_stm32l431rctx.o
                0x0000000008001924                RTC_Alarm_IRQHandler
                0x0000000008001924                EXTI2_IRQHandler
                0x0000000008001924                TIM1_CC_IRQHandler
                0x0000000008001924                TSC_IRQHandler
                0x0000000008001924                TAMP_STAMP_IRQHandler
                0x0000000008001924                EXTI3_IRQHandler
                0x0000000008001924                LPTIM2_IRQHandler
                0x0000000008001924                I2C3_ER_IRQHandler
                0x0000000008001924                EXTI0_IRQHandler
                0x0000000008001924                I2C2_EV_IRQHandler
                0x0000000008001924                CAN1_RX0_IRQHandler
                0x0000000008001924                FPU_IRQHandler
                0x0000000008001924                TIM1_UP_TIM16_IRQHandler
                0x0000000008001924                SPI1_IRQHandler
                0x0000000008001924                TIM6_DAC_IRQHandler
                0x0000000008001924                DMA2_Channel2_IRQHandler
                0x0000000008001924                DMA1_Channel4_IRQHandler
                0x0000000008001924                ADC1_IRQHandler
                0x0000000008001924                USART3_IRQHandler
                0x0000000008001924                DMA1_Channel7_IRQHandler
                0x0000000008001924                CAN1_RX1_IRQHandler
                0x0000000008001924                DMA2_Channel1_IRQHandler
                0x0000000008001924                QUADSPI_IRQHandler
                0x0000000008001924                I2C1_EV_IRQHandler
                0x0000000008001924                DMA1_Channel6_IRQHandler
                0x0000000008001924                DMA2_Channel4_IRQHandler
                0x0000000008001924                RCC_IRQHandler
                0x0000000008001924                TIM1_TRG_COM_IRQHandler
                0x0000000008001924                DMA1_Channel1_IRQHandler
                0x0000000008001924                Default_Handler
                0x0000000008001924                DMA2_Channel7_IRQHandler
                0x0000000008001924                TIM7_IRQHandler
                0x0000000008001924                SDMMC1_IRQHandler
                0x0000000008001924                I2C3_EV_IRQHandler
                0x0000000008001924                RTC_WKUP_IRQHandler
                0x0000000008001924                PVD_PVM_IRQHandler
                0x0000000008001924                SPI2_IRQHandler
                0x0000000008001924                CAN1_TX_IRQHandler
                0x0000000008001924                DMA2_Channel5_IRQHandler
                0x0000000008001924                CRS_IRQHandler
                0x0000000008001924                DMA1_Channel5_IRQHandler
                0x0000000008001924                RNG_IRQHandler
                0x0000000008001924                DMA1_Channel3_IRQHandler
                0x0000000008001924                COMP_IRQHandler
                0x0000000008001924                WWDG_IRQHandler
                0x0000000008001924                LPUART1_IRQHandler
                0x0000000008001924                DMA2_Channel6_IRQHandler
                0x0000000008001924                TIM2_IRQHandler
                0x0000000008001924                EXTI1_IRQHandler
                0x0000000008001924                USART2_IRQHandler
                0x0000000008001924                I2C2_ER_IRQHandler
                0x0000000008001924                DMA1_Channel2_IRQHandler
                0x0000000008001924                CAN1_SCE_IRQHandler
                0x0000000008001924                FLASH_IRQHandler
                0x0000000008001924                SPI3_IRQHandler
                0x0000000008001924                I2C1_ER_IRQHandler
                0x0000000008001924                SWPMI1_IRQHandler
                0x0000000008001924                LPTIM1_IRQHandler
                0x0000000008001924                SAI1_IRQHandler
                0x0000000008001924                DMA2_Channel3_IRQHandler
                0x0000000008001924                TIM1_BRK_TIM15_IRQHandler
 *fill*         0x0000000008001926        0x2 
 .text.BSP_LED_Init
                0x0000000008001928       0x24 ./Drivers/BSP/custom/custom.o
                0x0000000008001928                BSP_LED_Init
 .text.BSP_LED_On
                0x000000000800194c       0x2c ./Drivers/BSP/custom/custom.o
                0x000000000800194c                BSP_LED_On
 .text.BSP_LED_Off
                0x0000000008001978       0x2c ./Drivers/BSP/custom/custom.o
                0x0000000008001978                BSP_LED_Off
 .text.BSP_LED_Toggle
                0x00000000080019a4       0x2c ./Drivers/BSP/custom/custom.o
                0x00000000080019a4                BSP_LED_Toggle
 .text.LED_USER_GPIO_Init
                0x00000000080019d0       0x80 ./Drivers/BSP/custom/custom.o
 .text.BSP_PB_Init
                0x0000000008001a50       0xa8 ./Drivers/BSP/custom/custom.o
                0x0000000008001a50                BSP_PB_Init
 .text.BSP_PB_GetState
                0x0000000008001af8       0x38 ./Drivers/BSP/custom/custom.o
                0x0000000008001af8                BSP_PB_GetState
 .text.BUTTON_USER_EXTI_Callback
                0x0000000008001b30        0xe ./Drivers/BSP/custom/custom.o
 *fill*         0x0000000008001b3e        0x2 
 .text.BUTTON_USER_GPIO_Init
                0x0000000008001b40       0x74 ./Drivers/BSP/custom/custom.o
 .text.BSP_COM_Init
                0x0000000008001bb4       0x7c ./Drivers/BSP/custom/custom.o
                0x0000000008001bb4                BSP_COM_Init
 .text.MX_USART3_UART_Init
                0x0000000008001c30       0x68 ./Drivers/BSP/custom/custom.o
                0x0000000008001c30                MX_USART3_UART_Init
 .text.__io_putchar
                0x0000000008001c98       0x38 ./Drivers/BSP/custom/custom.o
                0x0000000008001c98                __io_putchar
 .text.USART3_MspInit
                0x0000000008001cd0       0xd0 ./Drivers/BSP/custom/custom.o
 .text.HAL_Init
                0x0000000008001da0       0x30 ./Drivers/STM32L4xx_HAL_Driver/Src/stm32l4xx_hal.o
                0x0000000008001da0                HAL_Init
 .text.HAL_InitTick
                0x0000000008001dd0       0x78 ./Drivers/STM32L4xx_HAL_Driver/Src/stm32l4xx_hal.o
                0x0000000008001dd0                HAL_InitTick
 .text.HAL_IncTick
                0x0000000008001e48       0x28 ./Drivers/STM32L4xx_HAL_Driver/Src/stm32l4xx_hal.o
                0x0000000008001e48                HAL_IncTick
 .text.HAL_GetTick
                0x0000000008001e70       0x18 ./Drivers/STM32L4xx_HAL_Driver/Src/stm32l4xx_hal.o
                0x0000000008001e70                HAL_GetTick
 .text.HAL_Delay
                0x0000000008001e88       0x48 ./Drivers/STM32L4xx_HAL_Driver/Src/stm32l4xx_hal.o
                0x0000000008001e88                HAL_Delay
 .text.__NVIC_SetPriorityGrouping
                0x0000000008001ed0       0x48 ./Drivers/STM32L4xx_HAL_Driver/Src/stm32l4xx_hal_cortex.o
 .text.__NVIC_GetPriorityGrouping
                0x0000000008001f18       0x1c ./Drivers/STM32L4xx_HAL_Driver/Src/stm32l4xx_hal_cortex.o
 .text.__NVIC_EnableIRQ
                0x0000000008001f34       0x3c ./Drivers/STM32L4xx_HAL_Driver/Src/stm32l4xx_hal_cortex.o
 .text.__NVIC_SetPriority
                0x0000000008001f70       0x54 ./Drivers/STM32L4xx_HAL_Driver/Src/stm32l4xx_hal_cortex.o
 .text.NVIC_EncodePriority
                0x0000000008001fc4       0x66 ./Drivers/STM32L4xx_HAL_Driver/Src/stm32l4xx_hal_cortex.o
 *fill*         0x000000000800202a        0x2 
 .text.SysTick_Config
                0x000000000800202c       0x44 ./Drivers/STM32L4xx_HAL_Driver/Src/stm32l4xx_hal_cortex.o
 .text.HAL_NVIC_SetPriorityGrouping
                0x0000000008002070       0x16 ./Drivers/STM32L4xx_HAL_Driver/Src/stm32l4xx_hal_cortex.o
                0x0000000008002070                HAL_NVIC_SetPriorityGrouping
 .text.HAL_NVIC_SetPriority
                0x0000000008002086       0x38 ./Drivers/STM32L4xx_HAL_Driver/Src/stm32l4xx_hal_cortex.o
                0x0000000008002086                HAL_NVIC_SetPriority
 .text.HAL_NVIC_EnableIRQ
                0x00000000080020be       0x1c ./Drivers/STM32L4xx_HAL_Driver/Src/stm32l4xx_hal_cortex.o
                0x00000000080020be                HAL_NVIC_EnableIRQ
 .text.HAL_SYSTICK_Config
                0x00000000080020da       0x18 ./Drivers/STM32L4xx_HAL_Driver/Src/stm32l4xx_hal_cortex.o
                0x00000000080020da                HAL_SYSTICK_Config
 .text.HAL_DMA_Abort
                0x00000000080020f2       0x7c ./Drivers/STM32L4xx_HAL_Driver/Src/stm32l4xx_hal_dma.o
                0x00000000080020f2                HAL_DMA_Abort
 .text.HAL_DMA_Abort_IT
                0x000000000800216e       0x82 ./Drivers/STM32L4xx_HAL_Driver/Src/stm32l4xx_hal_dma.o
                0x000000000800216e                HAL_DMA_Abort_IT
 .text.HAL_EXTI_RegisterCallback
                0x00000000080021f0       0x34 ./Drivers/STM32L4xx_HAL_Driver/Src/stm32l4xx_hal_exti.o
                0x00000000080021f0                HAL_EXTI_RegisterCallback
 .text.HAL_EXTI_GetHandle
                0x0000000008002224       0x28 ./Drivers/STM32L4xx_HAL_Driver/Src/stm32l4xx_hal_exti.o
                0x0000000008002224                HAL_EXTI_GetHandle
 .text.HAL_EXTI_IRQHandler
                0x000000000800224c       0x60 ./Drivers/STM32L4xx_HAL_Driver/Src/stm32l4xx_hal_exti.o
                0x000000000800224c                HAL_EXTI_IRQHandler
 .text.HAL_GPIO_Init
                0x00000000080022ac      0x2f4 ./Drivers/STM32L4xx_HAL_Driver/Src/stm32l4xx_hal_gpio.o
                0x00000000080022ac                HAL_GPIO_Init
 .text.HAL_GPIO_DeInit
                0x00000000080025a0      0x1b4 ./Drivers/STM32L4xx_HAL_Driver/Src/stm32l4xx_hal_gpio.o
                0x00000000080025a0                HAL_GPIO_DeInit
 .text.HAL_GPIO_ReadPin
                0x0000000008002754       0x30 ./Drivers/STM32L4xx_HAL_Driver/Src/stm32l4xx_hal_gpio.o
                0x0000000008002754                HAL_GPIO_ReadPin
 .text.HAL_GPIO_WritePin
                0x0000000008002784       0x30 ./Drivers/STM32L4xx_HAL_Driver/Src/stm32l4xx_hal_gpio.o
                0x0000000008002784                HAL_GPIO_WritePin
 .text.HAL_GPIO_TogglePin
                0x00000000080027b4       0x34 ./Drivers/STM32L4xx_HAL_Driver/Src/stm32l4xx_hal_gpio.o
                0x00000000080027b4                HAL_GPIO_TogglePin
 .text.HAL_GPIO_EXTI_IRQHandler
                0x00000000080027e8       0x30 ./Drivers/STM32L4xx_HAL_Driver/Src/stm32l4xx_hal_gpio.o
                0x00000000080027e8                HAL_GPIO_EXTI_IRQHandler
 .text.HAL_GPIO_EXTI_Callback
                0x0000000008002818       0x16 ./Drivers/STM32L4xx_HAL_Driver/Src/stm32l4xx_hal_gpio.o
                0x0000000008002818                HAL_GPIO_EXTI_Callback
 *fill*         0x000000000800282e        0x2 
 .text.HAL_PWREx_GetVoltageRange
                0x0000000008002830       0x1c ./Drivers/STM32L4xx_HAL_Driver/Src/stm32l4xx_hal_pwr_ex.o
                0x0000000008002830                HAL_PWREx_GetVoltageRange
 .text.HAL_PWREx_ControlVoltageScaling
                0x000000000800284c       0xac ./Drivers/STM32L4xx_HAL_Driver/Src/stm32l4xx_hal_pwr_ex.o
                0x000000000800284c                HAL_PWREx_ControlVoltageScaling
 .text.HAL_RCC_OscConfig
                0x00000000080028f8      0x828 ./Drivers/STM32L4xx_HAL_Driver/Src/stm32l4xx_hal_rcc.o
                0x00000000080028f8                HAL_RCC_OscConfig
 .text.HAL_RCC_ClockConfig
                0x0000000008003120      0x200 ./Drivers/STM32L4xx_HAL_Driver/Src/stm32l4xx_hal_rcc.o
                0x0000000008003120                HAL_RCC_ClockConfig
 .text.HAL_RCC_GetSysClockFreq
                0x0000000008003320      0x118 ./Drivers/STM32L4xx_HAL_Driver/Src/stm32l4xx_hal_rcc.o
                0x0000000008003320                HAL_RCC_GetSysClockFreq
 .text.HAL_RCC_GetHCLKFreq
                0x0000000008003438       0x18 ./Drivers/STM32L4xx_HAL_Driver/Src/stm32l4xx_hal_rcc.o
                0x0000000008003438                HAL_RCC_GetHCLKFreq
 .text.HAL_RCC_GetPCLK1Freq
                0x0000000008003450       0x2c ./Drivers/STM32L4xx_HAL_Driver/Src/stm32l4xx_hal_rcc.o
                0x0000000008003450                HAL_RCC_GetPCLK1Freq
 .text.HAL_RCC_GetPCLK2Freq
                0x000000000800347c       0x2c ./Drivers/STM32L4xx_HAL_Driver/Src/stm32l4xx_hal_rcc.o
                0x000000000800347c                HAL_RCC_GetPCLK2Freq
 .text.RCC_SetFlashLatencyFromMSIRange
                0x00000000080034a8       0xc0 ./Drivers/STM32L4xx_HAL_Driver/Src/stm32l4xx_hal_rcc.o
 .text.HAL_RCCEx_PeriphCLKConfig
                0x0000000008003568      0x430 ./Drivers/STM32L4xx_HAL_Driver/Src/stm32l4xx_hal_rcc_ex.o
                0x0000000008003568                HAL_RCCEx_PeriphCLKConfig
 .text.RCCEx_PLLSAI1_Config
                0x0000000008003998      0x1e4 ./Drivers/STM32L4xx_HAL_Driver/Src/stm32l4xx_hal_rcc_ex.o
 .text.HAL_SPI_Init
                0x0000000008003b7c      0x146 ./Drivers/STM32L4xx_HAL_Driver/Src/stm32l4xx_hal_spi.o
                0x0000000008003b7c                HAL_SPI_Init
 .text.HAL_SPI_MspInit
                0x0000000008003cc2       0x14 ./Drivers/STM32L4xx_HAL_Driver/Src/stm32l4xx_hal_spi.o
                0x0000000008003cc2                HAL_SPI_MspInit
 .text.HAL_SPI_TransmitReceive
                0x0000000008003cd6      0x426 ./Drivers/STM32L4xx_HAL_Driver/Src/stm32l4xx_hal_spi.o
                0x0000000008003cd6                HAL_SPI_TransmitReceive
 .text.HAL_SPI_GetState
                0x00000000080040fc       0x1c ./Drivers/STM32L4xx_HAL_Driver/Src/stm32l4xx_hal_spi.o
                0x00000000080040fc                HAL_SPI_GetState
 .text.SPI_WaitFlagStateUntilTimeout
                0x0000000008004118      0x110 ./Drivers/STM32L4xx_HAL_Driver/Src/stm32l4xx_hal_spi.o
 .text.SPI_WaitFifoStateUntilTimeout
                0x0000000008004228      0x12c ./Drivers/STM32L4xx_HAL_Driver/Src/stm32l4xx_hal_spi.o
 .text.SPI_EndRxTxTransaction
                0x0000000008004354       0x8c ./Drivers/STM32L4xx_HAL_Driver/Src/stm32l4xx_hal_spi.o
 .text.HAL_UART_Init
                0x00000000080043e0       0x9c ./Drivers/STM32L4xx_HAL_Driver/Src/stm32l4xx_hal_uart.o
                0x00000000080043e0                HAL_UART_Init
 .text.HAL_UART_Transmit
                0x000000000800447c      0x128 ./Drivers/STM32L4xx_HAL_Driver/Src/stm32l4xx_hal_uart.o
                0x000000000800447c                HAL_UART_Transmit
 .text.HAL_UART_Receive_IT
                0x00000000080045a4       0xac ./Drivers/STM32L4xx_HAL_Driver/Src/stm32l4xx_hal_uart.o
                0x00000000080045a4                HAL_UART_Receive_IT
 .text.HAL_UART_IRQHandler
                0x0000000008004650      0x5c4 ./Drivers/STM32L4xx_HAL_Driver/Src/stm32l4xx_hal_uart.o
                0x0000000008004650                HAL_UART_IRQHandler
 .text.HAL_UART_TxCpltCallback
                0x0000000008004c14       0x14 ./Drivers/STM32L4xx_HAL_Driver/Src/stm32l4xx_hal_uart.o
                0x0000000008004c14                HAL_UART_TxCpltCallback
 .text.HAL_UART_ErrorCallback
                0x0000000008004c28       0x14 ./Drivers/STM32L4xx_HAL_Driver/Src/stm32l4xx_hal_uart.o
                0x0000000008004c28                HAL_UART_ErrorCallback
 .text.HAL_UARTEx_RxEventCallback
                0x0000000008004c3c       0x18 ./Drivers/STM32L4xx_HAL_Driver/Src/stm32l4xx_hal_uart.o
                0x0000000008004c3c                HAL_UARTEx_RxEventCallback
 .text.UART_SetConfig
                0x0000000008004c54      0x4b4 ./Drivers/STM32L4xx_HAL_Driver/Src/stm32l4xx_hal_uart.o
                0x0000000008004c54                UART_SetConfig
 .text.UART_AdvFeatureConfig
                0x0000000008005108      0x144 ./Drivers/STM32L4xx_HAL_Driver/Src/stm32l4xx_hal_uart.o
                0x0000000008005108                UART_AdvFeatureConfig
 .text.UART_CheckIdleState
                0x000000000800524c       0x92 ./Drivers/STM32L4xx_HAL_Driver/Src/stm32l4xx_hal_uart.o
                0x000000000800524c                UART_CheckIdleState
 .text.UART_WaitOnFlagUntilTimeout
                0x00000000080052de      0x188 ./Drivers/STM32L4xx_HAL_Driver/Src/stm32l4xx_hal_uart.o
                0x00000000080052de                UART_WaitOnFlagUntilTimeout
 *fill*         0x0000000008005466        0x2 
 .text.UART_Start_Receive_IT
                0x0000000008005468      0x194 ./Drivers/STM32L4xx_HAL_Driver/Src/stm32l4xx_hal_uart.o
                0x0000000008005468                UART_Start_Receive_IT
 .text.UART_EndRxTransfer
                0x00000000080055fc       0xc6 ./Drivers/STM32L4xx_HAL_Driver/Src/stm32l4xx_hal_uart.o
 .text.UART_DMAAbortOnError
                0x00000000080056c2       0x2c ./Drivers/STM32L4xx_HAL_Driver/Src/stm32l4xx_hal_uart.o
 .text.UART_EndTransmit_IT
                0x00000000080056ee       0x54 ./Drivers/STM32L4xx_HAL_Driver/Src/stm32l4xx_hal_uart.o
 .text.UART_RxISR_8BIT
                0x0000000008005742      0x160 ./Drivers/STM32L4xx_HAL_Driver/Src/stm32l4xx_hal_uart.o
 .text.UART_RxISR_16BIT
                0x00000000080058a2      0x160 ./Drivers/STM32L4xx_HAL_Driver/Src/stm32l4xx_hal_uart.o
 .text.HAL_UARTEx_WakeupCallback
                0x0000000008005a02       0x14 ./Drivers/STM32L4xx_HAL_Driver/Src/stm32l4xx_hal_uart_ex.o
                0x0000000008005a02                HAL_UARTEx_WakeupCallback
 .text.aci_gap_init_IDB05A1
                0x0000000008005a16       0xa0 ./Middlewares/ST/BlueNRG-MS/hci/controller/bluenrg_gap_aci.o
                0x0000000008005a16                aci_gap_init_IDB05A1
 .text.aci_gap_init_IDB04A1
                0x0000000008005ab6       0x94 ./Middlewares/ST/BlueNRG-MS/hci/controller/bluenrg_gap_aci.o
                0x0000000008005ab6                aci_gap_init_IDB04A1
 .text.aci_gap_set_discoverable
                0x0000000008005b4a      0x1d4 ./Middlewares/ST/BlueNRG-MS/hci/controller/bluenrg_gap_aci.o
                0x0000000008005b4a                aci_gap_set_discoverable
 .text.aci_gap_set_auth_requirement
                0x0000000008005d1e       0xae ./Middlewares/ST/BlueNRG-MS/hci/controller/bluenrg_gap_aci.o
                0x0000000008005d1e                aci_gap_set_auth_requirement
 .text.aci_gap_create_connection
                0x0000000008005dcc       0xa8 ./Middlewares/ST/BlueNRG-MS/hci/controller/bluenrg_gap_aci.o
                0x0000000008005dcc                aci_gap_create_connection
 .text.aci_gatt_init
                0x0000000008005e74       0x46 ./Middlewares/ST/BlueNRG-MS/hci/controller/bluenrg_gatt_aci.o
                0x0000000008005e74                aci_gatt_init
 .text.aci_gatt_add_serv
                0x0000000008005eba      0x112 ./Middlewares/ST/BlueNRG-MS/hci/controller/bluenrg_gatt_aci.o
                0x0000000008005eba                aci_gatt_add_serv
 .text.aci_gatt_add_char
                0x0000000008005fcc      0x196 ./Middlewares/ST/BlueNRG-MS/hci/controller/bluenrg_gatt_aci.o
                0x0000000008005fcc                aci_gatt_add_char
 .text.aci_gatt_update_char_value
                0x0000000008006162      0x120 ./Middlewares/ST/BlueNRG-MS/hci/controller/bluenrg_gatt_aci.o
                0x0000000008006162                aci_gatt_update_char_value
 .text.aci_gatt_disc_charac_by_uuid
                0x0000000008006282      0x11c ./Middlewares/ST/BlueNRG-MS/hci/controller/bluenrg_gatt_aci.o
                0x0000000008006282                aci_gatt_disc_charac_by_uuid
 .text.aci_gatt_write_charac_descriptor
                0x000000000800639e       0xf6 ./Middlewares/ST/BlueNRG-MS/hci/controller/bluenrg_gatt_aci.o
                0x000000000800639e                aci_gatt_write_charac_descriptor
 .text.aci_gatt_write_without_response
                0x0000000008006494       0x8a ./Middlewares/ST/BlueNRG-MS/hci/controller/bluenrg_gatt_aci.o
                0x0000000008006494                aci_gatt_write_without_response
 .text.aci_hal_write_config_data
                0x000000000800651e       0xca ./Middlewares/ST/BlueNRG-MS/hci/controller/bluenrg_hal_aci.o
                0x000000000800651e                aci_hal_write_config_data
 .text.aci_hal_set_tx_power_level
                0x00000000080065e8       0x62 ./Middlewares/ST/BlueNRG-MS/hci/controller/bluenrg_hal_aci.o
                0x00000000080065e8                aci_hal_set_tx_power_level
 .text.getBlueNRGVersion
                0x000000000800664a       0x88 ./Middlewares/ST/BlueNRG-MS/hci/controller/bluenrg_utils_small.o
                0x000000000800664a                getBlueNRGVersion
 .text.hci_reset
                0x00000000080066d2       0x44 ./Middlewares/ST/BlueNRG-MS/hci/hci_le.o
                0x00000000080066d2                hci_reset
 .text.hci_le_read_local_version
                0x0000000008006716       0x94 ./Middlewares/ST/BlueNRG-MS/hci/hci_le.o
                0x0000000008006716                hci_le_read_local_version
 .text.hci_le_set_scan_resp_data
                0x00000000080067aa       0x82 ./Middlewares/ST/BlueNRG-MS/hci/hci_le.o
                0x00000000080067aa                hci_le_set_scan_resp_data
 .text.verify_packet
                0x000000000800682c       0x40 ./Middlewares/ST/BlueNRG-MS/hci/hci_tl_patterns/Basic/hci_tl.o
 .text.send_cmd
                0x000000000800686c       0x80 ./Middlewares/ST/BlueNRG-MS/hci/hci_tl_patterns/Basic/hci_tl.o
 .text.move_list
                0x00000000080068ec       0x38 ./Middlewares/ST/BlueNRG-MS/hci/hci_tl_patterns/Basic/hci_tl.o
 .text.free_event_list
                0x0000000008006924       0x3c ./Middlewares/ST/BlueNRG-MS/hci/hci_tl_patterns/Basic/hci_tl.o
 .text.hci_init
                0x0000000008006960       0x84 ./Middlewares/ST/BlueNRG-MS/hci/hci_tl_patterns/Basic/hci_tl.o
                0x0000000008006960                hci_init
 .text.hci_register_io_bus
                0x00000000080069e4       0x40 ./Middlewares/ST/BlueNRG-MS/hci/hci_tl_patterns/Basic/hci_tl.o
                0x00000000080069e4                hci_register_io_bus
 .text.hci_send_req
                0x0000000008006a24      0x230 ./Middlewares/ST/BlueNRG-MS/hci/hci_tl_patterns/Basic/hci_tl.o
                0x0000000008006a24                hci_send_req
 .text.hci_user_evt_proc
                0x0000000008006c54       0x58 ./Middlewares/ST/BlueNRG-MS/hci/hci_tl_patterns/Basic/hci_tl.o
                0x0000000008006c54                hci_user_evt_proc
 .text.hci_notify_asynch_evt
                0x0000000008006cac       0x9c ./Middlewares/ST/BlueNRG-MS/hci/hci_tl_patterns/Basic/hci_tl.o
                0x0000000008006cac                hci_notify_asynch_evt
 .text.list_init_head
                0x0000000008006d48       0x20 ./Middlewares/ST/BlueNRG-MS/utils/ble_list.o
                0x0000000008006d48                list_init_head
 .text.list_is_empty
                0x0000000008006d68       0x44 ./Middlewares/ST/BlueNRG-MS/utils/ble_list.o
                0x0000000008006d68                list_is_empty
 .text.list_insert_head
                0x0000000008006dac       0x4c ./Middlewares/ST/BlueNRG-MS/utils/ble_list.o
                0x0000000008006dac                list_insert_head
 .text.list_insert_tail
                0x0000000008006df8       0x4c ./Middlewares/ST/BlueNRG-MS/utils/ble_list.o
                0x0000000008006df8                list_insert_tail
 .text.list_remove_node
                0x0000000008006e44       0x42 ./Middlewares/ST/BlueNRG-MS/utils/ble_list.o
                0x0000000008006e44                list_remove_node
 .text.list_remove_head
                0x0000000008006e86       0x4e ./Middlewares/ST/BlueNRG-MS/utils/ble_list.o
                0x0000000008006e86                list_remove_head
 .text.list_remove_tail
                0x0000000008006ed4       0x4e ./Middlewares/ST/BlueNRG-MS/utils/ble_list.o
                0x0000000008006ed4                list_remove_tail
 .text.list_get_size
                0x0000000008006f22       0x50 ./Middlewares/ST/BlueNRG-MS/utils/ble_list.o
                0x0000000008006f22                list_get_size
 *fill*         0x0000000008006f72        0x2 
 .text.__errno  0x0000000008006f74        0xc /usr/bin/../lib/gcc/arm-none-eabi/11.2.1/../../../../arm-none-eabi/lib/thumb/v7e-m+fp/hard/libc_nano.a(lib_a-errno.o)
                0x0000000008006f74                __errno
 .text.__sflush_r
                0x0000000008006f80      0x10c /usr/bin/../lib/gcc/arm-none-eabi/11.2.1/../../../../arm-none-eabi/lib/thumb/v7e-m+fp/hard/libc_nano.a(lib_a-fflush.o)
                0x0000000008006f80                __sflush_r
 .text._fflush_r
                0x000000000800708c       0x54 /usr/bin/../lib/gcc/arm-none-eabi/11.2.1/../../../../arm-none-eabi/lib/thumb/v7e-m+fp/hard/libc_nano.a(lib_a-fflush.o)
                0x000000000800708c                _fflush_r
 .text.fflush   0x00000000080070e0       0x24 /usr/bin/../lib/gcc/arm-none-eabi/11.2.1/../../../../arm-none-eabi/lib/thumb/v7e-m+fp/hard/libc_nano.a(lib_a-fflush.o)
                0x00000000080070e0                fflush
 .text.std      0x0000000008007104       0x48 /usr/bin/../lib/gcc/arm-none-eabi/11.2.1/../../../../arm-none-eabi/lib/thumb/v7e-m+fp/hard/libc_nano.a(lib_a-findfp.o)
 .text._cleanup_r
                0x000000000800714c        0xc /usr/bin/../lib/gcc/arm-none-eabi/11.2.1/../../../../arm-none-eabi/lib/thumb/v7e-m+fp/hard/libc_nano.a(lib_a-findfp.o)
                0x000000000800714c                _cleanup_r
 .text.__sfmoreglue
                0x0000000008007158       0x2c /usr/bin/../lib/gcc/arm-none-eabi/11.2.1/../../../../arm-none-eabi/lib/thumb/v7e-m+fp/hard/libc_nano.a(lib_a-findfp.o)
                0x0000000008007158                __sfmoreglue
 .text.__sinit  0x0000000008007184       0x60 /usr/bin/../lib/gcc/arm-none-eabi/11.2.1/../../../../arm-none-eabi/lib/thumb/v7e-m+fp/hard/libc_nano.a(lib_a-findfp.o)
                0x0000000008007184                __sinit
 .text.__sfp    0x00000000080071e4       0x78 /usr/bin/../lib/gcc/arm-none-eabi/11.2.1/../../../../arm-none-eabi/lib/thumb/v7e-m+fp/hard/libc_nano.a(lib_a-findfp.o)
                0x00000000080071e4                __sfp
 .text._fwalk_reent
                0x000000000800725c       0x3e /usr/bin/../lib/gcc/arm-none-eabi/11.2.1/../../../../arm-none-eabi/lib/thumb/v7e-m+fp/hard/libc_nano.a(lib_a-fwalk.o)
                0x000000000800725c                _fwalk_reent
 *fill*         0x000000000800729a        0x2 
 .text.__libc_init_array
                0x000000000800729c       0x48 /usr/bin/../lib/gcc/arm-none-eabi/11.2.1/../../../../arm-none-eabi/lib/thumb/v7e-m+fp/hard/libc_nano.a(lib_a-init.o)
                0x000000000800729c                __libc_init_array
 .text.memcpy   0x00000000080072e4       0x1c /usr/bin/../lib/gcc/arm-none-eabi/11.2.1/../../../../arm-none-eabi/lib/thumb/v7e-m+fp/hard/libc_nano.a(lib_a-memcpy-stub.o)
                0x00000000080072e4                memcpy
 .text.memset   0x0000000008007300       0x10 /usr/bin/../lib/gcc/arm-none-eabi/11.2.1/../../../../arm-none-eabi/lib/thumb/v7e-m+fp/hard/libc_nano.a(lib_a-memset.o)
                0x0000000008007300                memset
 .text._free_r  0x0000000008007310       0x98 /usr/bin/../lib/gcc/arm-none-eabi/11.2.1/../../../../arm-none-eabi/lib/thumb/v7e-m+fp/hard/libc_nano.a(lib_a-nano-freer.o)
                0x0000000008007310                _free_r
 .text.sbrk_aligned
                0x00000000080073a8       0x40 /usr/bin/../lib/gcc/arm-none-eabi/11.2.1/../../../../arm-none-eabi/lib/thumb/v7e-m+fp/hard/libc_nano.a(lib_a-nano-mallocr.o)
 .text._malloc_r
                0x00000000080073e8       0xe8 /usr/bin/../lib/gcc/arm-none-eabi/11.2.1/../../../../arm-none-eabi/lib/thumb/v7e-m+fp/hard/libc_nano.a(lib_a-nano-mallocr.o)
                0x00000000080073e8                _malloc_r
 .text.printf   0x00000000080074d0       0x30 /usr/bin/../lib/gcc/arm-none-eabi/11.2.1/../../../../arm-none-eabi/lib/thumb/v7e-m+fp/hard/libc_nano.a(lib_a-printf.o)
                0x00000000080074d0                printf
                0x00000000080074d0                iprintf
 .text.putchar  0x0000000008007500       0x2c /usr/bin/../lib/gcc/arm-none-eabi/11.2.1/../../../../arm-none-eabi/lib/thumb/v7e-m+fp/hard/libc_nano.a(lib_a-putchar.o)
                0x0000000008007500                putchar
 .text._putc_r  0x000000000800752c       0x6c /usr/bin/../lib/gcc/arm-none-eabi/11.2.1/../../../../arm-none-eabi/lib/thumb/v7e-m+fp/hard/libc_nano.a(lib_a-putc.o)
                0x000000000800752c                _putc_r
 .text._puts_r  0x0000000008007598       0xb8 /usr/bin/../lib/gcc/arm-none-eabi/11.2.1/../../../../arm-none-eabi/lib/thumb/v7e-m+fp/hard/libc_nano.a(lib_a-puts.o)
                0x0000000008007598                _puts_r
 .text.puts     0x0000000008007650       0x10 /usr/bin/../lib/gcc/arm-none-eabi/11.2.1/../../../../arm-none-eabi/lib/thumb/v7e-m+fp/hard/libc_nano.a(lib_a-puts.o)
                0x0000000008007650                puts
 .text._sbrk_r  0x0000000008007660       0x20 /usr/bin/../lib/gcc/arm-none-eabi/11.2.1/../../../../arm-none-eabi/lib/thumb/v7e-m+fp/hard/libc_nano.a(lib_a-sbrkr.o)
                0x0000000008007660                _sbrk_r
 .text.__sread  0x0000000008007680       0x22 /usr/bin/../lib/gcc/arm-none-eabi/11.2.1/../../../../arm-none-eabi/lib/thumb/v7e-m+fp/hard/libc_nano.a(lib_a-stdio.o)
                0x0000000008007680                __sread
 .text.__swrite
                0x00000000080076a2       0x38 /usr/bin/../lib/gcc/arm-none-eabi/11.2.1/../../../../arm-none-eabi/lib/thumb/v7e-m+fp/hard/libc_nano.a(lib_a-stdio.o)
                0x00000000080076a2                __swrite
 .text.__sseek  0x00000000080076da       0x24 /usr/bin/../lib/gcc/arm-none-eabi/11.2.1/../../../../arm-none-eabi/lib/thumb/v7e-m+fp/hard/libc_nano.a(lib_a-stdio.o)
                0x00000000080076da                __sseek
 .text.__sclose
                0x00000000080076fe        0x8 /usr/bin/../lib/gcc/arm-none-eabi/11.2.1/../../../../arm-none-eabi/lib/thumb/v7e-m+fp/hard/libc_nano.a(lib_a-stdio.o)
                0x00000000080076fe                __sclose
 *fill*         0x0000000008007706        0x2 
 .text.__swbuf_r
                0x0000000008007708       0xa4 /usr/bin/../lib/gcc/arm-none-eabi/11.2.1/../../../../arm-none-eabi/lib/thumb/v7e-m+fp/hard/libc_nano.a(lib_a-wbuf.o)
                0x0000000008007708                __swbuf_r
 .text._write_r
                0x00000000080077ac       0x24 /usr/bin/../lib/gcc/arm-none-eabi/11.2.1/../../../../arm-none-eabi/lib/thumb/v7e-m+fp/hard/libc_nano.a(lib_a-writer.o)
                0x00000000080077ac                _write_r
 .text.__swsetup_r
                0x00000000080077d0       0xdc /usr/bin/../lib/gcc/arm-none-eabi/11.2.1/../../../../arm-none-eabi/lib/thumb/v7e-m+fp/hard/libc_nano.a(lib_a-wsetup.o)
                0x00000000080077d0                __swsetup_r
 .text._close_r
                0x00000000080078ac       0x20 /usr/bin/../lib/gcc/arm-none-eabi/11.2.1/../../../../arm-none-eabi/lib/thumb/v7e-m+fp/hard/libc_nano.a(lib_a-closer.o)
                0x00000000080078ac                _close_r
 .text._lseek_r
                0x00000000080078cc       0x24 /usr/bin/../lib/gcc/arm-none-eabi/11.2.1/../../../../arm-none-eabi/lib/thumb/v7e-m+fp/hard/libc_nano.a(lib_a-lseekr.o)
                0x00000000080078cc                _lseek_r
 .text.__swhatbuf_r
                0x00000000080078f0       0x4c /usr/bin/../lib/gcc/arm-none-eabi/11.2.1/../../../../arm-none-eabi/lib/thumb/v7e-m+fp/hard/libc_nano.a(lib_a-makebuf.o)
                0x00000000080078f0                __swhatbuf_r
 .text.__smakebuf_r
                0x000000000800793c       0x80 /usr/bin/../lib/gcc/arm-none-eabi/11.2.1/../../../../arm-none-eabi/lib/thumb/v7e-m+fp/hard/libc_nano.a(lib_a-makebuf.o)
                0x000000000800793c                __smakebuf_r
 .text.__malloc_lock
                0x00000000080079bc        0x2 /usr/bin/../lib/gcc/arm-none-eabi/11.2.1/../../../../arm-none-eabi/lib/thumb/v7e-m+fp/hard/libc_nano.a(lib_a-mlock.o)
                0x00000000080079bc                __malloc_lock
 .text.__malloc_unlock
                0x00000000080079be        0x2 /usr/bin/../lib/gcc/arm-none-eabi/11.2.1/../../../../arm-none-eabi/lib/thumb/v7e-m+fp/hard/libc_nano.a(lib_a-mlock.o)
                0x00000000080079be                __malloc_unlock
 .text.__sfputc_r
                0x00000000080079c0       0x2e /usr/bin/../lib/gcc/arm-none-eabi/11.2.1/../../../../arm-none-eabi/lib/thumb/v7e-m+fp/hard/libc_nano.a(lib_a-nano-vfprintf.o)
 .text.__sfputs_r
                0x00000000080079ee       0x24 /usr/bin/../lib/gcc/arm-none-eabi/11.2.1/../../../../arm-none-eabi/lib/thumb/v7e-m+fp/hard/libc_nano.a(lib_a-nano-vfprintf.o)
                0x00000000080079ee                __sfputs_r
 *fill*         0x0000000008007a12        0x2 
 .text._vfprintf_r
                0x0000000008007a14      0x228 /usr/bin/../lib/gcc/arm-none-eabi/11.2.1/../../../../arm-none-eabi/lib/thumb/v7e-m+fp/hard/libc_nano.a(lib_a-nano-vfprintf.o)
                0x0000000008007a14                _vfiprintf_r
                0x0000000008007a14                _vfprintf_r
 .text._read_r  0x0000000008007c3c       0x24 /usr/bin/../lib/gcc/arm-none-eabi/11.2.1/../../../../arm-none-eabi/lib/thumb/v7e-m+fp/hard/libc_nano.a(lib_a-readr.o)
                0x0000000008007c3c                _read_r
 .text._fstat_r
                0x0000000008007c60       0x24 /usr/bin/../lib/gcc/arm-none-eabi/11.2.1/../../../../arm-none-eabi/lib/thumb/v7e-m+fp/hard/libc_nano.a(lib_a-fstatr.o)
                0x0000000008007c60                _fstat_r
 .text._isatty_r
                0x0000000008007c84       0x20 /usr/bin/../lib/gcc/arm-none-eabi/11.2.1/../../../../arm-none-eabi/lib/thumb/v7e-m+fp/hard/libc_nano.a(lib_a-isattyr.o)
                0x0000000008007c84                _isatty_r
 .text._printf_common
                0x0000000008007ca4       0xda /usr/bin/../lib/gcc/arm-none-eabi/11.2.1/../../../../arm-none-eabi/lib/thumb/v7e-m+fp/hard/libc_nano.a(lib_a-nano-vfprintf_i.o)
                0x0000000008007ca4                _printf_common
 *fill*         0x0000000008007d7e        0x2 
 .text._printf_i
                0x0000000008007d80      0x244 /usr/bin/../lib/gcc/arm-none-eabi/11.2.1/../../../../arm-none-eabi/lib/thumb/v7e-m+fp/hard/libc_nano.a(lib_a-nano-vfprintf_i.o)
                0x0000000008007d80                _printf_i
 .text.__udivmoddi4
                0x0000000008007fc4      0x2c8 /usr/bin/../lib/gcc/arm-none-eabi/11.2.1/thumb/v7e-m+fp/hard/libgcc.a(_udivmoddi4.o)
                0x0000000008007fc4                __udivmoddi4
 *(.glue_7)
 .glue_7        0x000000000800828c        0x0 linker stubs
 *(.glue_7t)
 .glue_7t       0x000000000800828c        0x0 linker stubs
 *(.eh_frame)
 .eh_frame      0x000000000800828c        0x0 /usr/bin/../lib/gcc/arm-none-eabi/11.2.1/thumb/v7e-m+fp/hard/crtbegin.o
 *(.init)
 .init          0x000000000800828c        0x4 /usr/bin/../lib/gcc/arm-none-eabi/11.2.1/thumb/v7e-m+fp/hard/crti.o
                0x000000000800828c                _init
 .init          0x0000000008008290        0x8 /usr/bin/../lib/gcc/arm-none-eabi/11.2.1/thumb/v7e-m+fp/hard/crtn.o
 *(.fini)
 .fini          0x0000000008008298        0x4 /usr/bin/../lib/gcc/arm-none-eabi/11.2.1/thumb/v7e-m+fp/hard/crti.o
                0x0000000008008298                _fini
 .fini          0x000000000800829c        0x8 /usr/bin/../lib/gcc/arm-none-eabi/11.2.1/thumb/v7e-m+fp/hard/crtn.o
                0x00000000080082a4                . = ALIGN (0x4)
                0x00000000080082a4                _etext = .

.vfp11_veneer   0x00000000080082a4        0x0
 .vfp11_veneer  0x00000000080082a4        0x0 linker stubs

.v4_bx          0x00000000080082a4        0x0
 .v4_bx         0x00000000080082a4        0x0 linker stubs

.iplt           0x00000000080082a4        0x0
 .iplt          0x00000000080082a4        0x0 /usr/bin/../lib/gcc/arm-none-eabi/11.2.1/thumb/v7e-m+fp/hard/crtbegin.o

.rodata         0x00000000080082a4      0x304
                0x00000000080082a4                . = ALIGN (0x4)
 *(.rodata)
 .rodata        0x00000000080082a4      0x110 ./BlueNRG_MS/App/app_bluenrg_ms.o
 .rodata        0x00000000080083b4       0xed ./BlueNRG_MS/App/sample_service.o
 *fill*         0x00000000080084a1        0x3 
 .rodata        0x00000000080084a4        0xd ./BlueNRG_MS/Target/hci_tl_interface.o
 *(.rodata*)
 *fill*         0x00000000080084b1        0x3 
 .rodata.AHBPrescTable
                0x00000000080084b4       0x10 ./Core/Src/system_stm32l4xx.o
                0x00000000080084b4                AHBPrescTable
 .rodata.APBPrescTable
                0x00000000080084c4        0x8 ./Core/Src/system_stm32l4xx.o
                0x00000000080084c4                APBPrescTable
 .rodata.MSIRangeTable
                0x00000000080084cc       0x30 ./Core/Src/system_stm32l4xx.o
                0x00000000080084cc                MSIRangeTable
 .rodata.LedGpioInit.4
                0x00000000080084fc        0x4 ./Drivers/BSP/custom/custom.o
 .rodata.ButtonGpioInit.3
                0x0000000008008500        0x4 ./Drivers/BSP/custom/custom.o
 .rodata.BUTTON_EXTI_LINE.2
                0x0000000008008504        0x4 ./Drivers/BSP/custom/custom.o
 .rodata.ButtonCallback.1
                0x0000000008008508        0x4 ./Drivers/BSP/custom/custom.o
 .rodata.BSP_BUTTON_PRIO.0
                0x000000000800850c        0x4 ./Drivers/BSP/custom/custom.o
 .rodata.__sf_fake_stderr
                0x0000000008008510       0x20 /usr/bin/../lib/gcc/arm-none-eabi/11.2.1/../../../../arm-none-eabi/lib/thumb/v7e-m+fp/hard/libc_nano.a(lib_a-findfp.o)
                0x0000000008008510                __sf_fake_stderr
 .rodata.__sf_fake_stdin
                0x0000000008008530       0x20 /usr/bin/../lib/gcc/arm-none-eabi/11.2.1/../../../../arm-none-eabi/lib/thumb/v7e-m+fp/hard/libc_nano.a(lib_a-findfp.o)
                0x0000000008008530                __sf_fake_stdin
 .rodata.__sf_fake_stdout
                0x0000000008008550       0x20 /usr/bin/../lib/gcc/arm-none-eabi/11.2.1/../../../../arm-none-eabi/lib/thumb/v7e-m+fp/hard/libc_nano.a(lib_a-findfp.o)
                0x0000000008008550                __sf_fake_stdout
 .rodata._global_impure_ptr
                0x0000000008008570        0x4 /usr/bin/../lib/gcc/arm-none-eabi/11.2.1/../../../../arm-none-eabi/lib/thumb/v7e-m+fp/hard/libc_nano.a(lib_a-impure.o)
                0x0000000008008570                _global_impure_ptr
 .rodata._vfprintf_r.str1.1
                0x0000000008008574       0x11 /usr/bin/../lib/gcc/arm-none-eabi/11.2.1/../../../../arm-none-eabi/lib/thumb/v7e-m+fp/hard/libc_nano.a(lib_a-nano-vfprintf.o)
 .rodata._printf_i.str1.1
                0x0000000008008585       0x22 /usr/bin/../lib/gcc/arm-none-eabi/11.2.1/../../../../arm-none-eabi/lib/thumb/v7e-m+fp/hard/libc_nano.a(lib_a-nano-vfprintf_i.o)
                0x00000000080085a8                . = ALIGN (0x4)
 *fill*         0x00000000080085a7        0x1 

.ARM.extab      0x00000000080085a8        0x0
                0x00000000080085a8                . = ALIGN (0x4)
 *(.ARM.extab* .gnu.linkonce.armextab.*)
                0x00000000080085a8                . = ALIGN (0x4)

.ARM            0x00000000080085a8        0x8
                0x00000000080085a8                . = ALIGN (0x4)
                0x00000000080085a8                __exidx_start = .
 *(.ARM.exidx*)
 .ARM.exidx.text.__udivmoddi4
                0x00000000080085a8        0x8 /usr/bin/../lib/gcc/arm-none-eabi/11.2.1/thumb/v7e-m+fp/hard/libgcc.a(_udivmoddi4.o)
                0x00000000080085b0                __exidx_end = .
                0x00000000080085b0                . = ALIGN (0x4)

.rel.dyn        0x00000000080085b0        0x0
 .rel.iplt      0x00000000080085b0        0x0 /usr/bin/../lib/gcc/arm-none-eabi/11.2.1/thumb/v7e-m+fp/hard/crtbegin.o

.preinit_array  0x00000000080085b0        0x0
                0x00000000080085b0                . = ALIGN (0x4)
                0x00000000080085b0                PROVIDE (__preinit_array_start = .)
 *(.preinit_array*)
                0x00000000080085b0                PROVIDE (__preinit_array_end = .)
                0x00000000080085b0                . = ALIGN (0x4)

.init_array     0x00000000080085b0        0x4
                0x00000000080085b0                . = ALIGN (0x4)
                0x00000000080085b0                PROVIDE (__init_array_start = .)
 *(SORT_BY_NAME(.init_array.*))
 *(.init_array*)
 .init_array    0x00000000080085b0        0x4 /usr/bin/../lib/gcc/arm-none-eabi/11.2.1/thumb/v7e-m+fp/hard/crtbegin.o
                0x00000000080085b4                PROVIDE (__init_array_end = .)
                0x00000000080085b4                . = ALIGN (0x4)

.fini_array     0x00000000080085b4        0x4
                0x00000000080085b4                . = ALIGN (0x4)
                [!provide]                        PROVIDE (__fini_array_start = .)
 *(SORT_BY_NAME(.fini_array.*))
 *(.fini_array*)
 .fini_array    0x00000000080085b4        0x4 /usr/bin/../lib/gcc/arm-none-eabi/11.2.1/thumb/v7e-m+fp/hard/crtbegin.o
                [!provide]                        PROVIDE (__fini_array_end = .)
                0x00000000080085b8                . = ALIGN (0x4)
                0x00000000080085b8                _sidata = LOADADDR (.data)

.data           0x0000000020000000       0x90 load address 0x00000000080085b8
                0x0000000020000000                . = ALIGN (0x4)
                0x0000000020000000                _sdata = .
 *(.data)
 *(.data*)
 .data.user_button_init_state
                0x0000000020000000        0x1 ./BlueNRG_MS/App/app_bluenrg_ms.o
 .data.BLE_Role
                0x0000000020000001        0x1 ./BlueNRG_MS/App/app_bluenrg_ms.o
                0x0000000020000001                BLE_Role
 .data.set_connectable
                0x0000000020000002        0x1 ./BlueNRG_MS/App/sample_service.o
                0x0000000020000002                set_connectable
 *fill*         0x0000000020000003        0x1 
 .data.lower_bound_samples
                0x0000000020000004        0x2 ./Core/Src/main.o
                0x0000000020000004                lower_bound_samples
 .data.upper_bound_samples
                0x0000000020000006        0x2 ./Core/Src/main.o
                0x0000000020000006                upper_bound_samples
 .data.spike_threshold_adc_val
                0x0000000020000008        0x2 ./Core/Src/main.o
                0x0000000020000008                spike_threshold_adc_val
 .data.window_length_samples
                0x000000002000000a        0x2 ./Core/Src/main.o
                0x000000002000000a                window_length_samples
 .data.SystemCoreClock
                0x000000002000000c        0x4 ./Core/Src/system_stm32l4xx.o
                0x000000002000000c                SystemCoreClock
 .data.LED_PORT
                0x0000000020000010        0x4 ./Drivers/BSP/custom/custom.o
 .data.BUTTON_PORT
                0x0000000020000014        0x4 ./Drivers/BSP/custom/custom.o
 .data.hpb_exti
                0x0000000020000018        0x8 ./Drivers/BSP/custom/custom.o
                0x0000000020000018                hpb_exti
 .data.COM_USART
                0x0000000020000020        0x4 ./Drivers/BSP/custom/custom.o
                0x0000000020000020                COM_USART
 .data.uwTickPrio
                0x0000000020000024        0x4 ./Drivers/STM32L4xx_HAL_Driver/Src/stm32l4xx_hal.o
                0x0000000020000024                uwTickPrio
 .data.uwTickFreq
                0x0000000020000028        0x1 ./Drivers/STM32L4xx_HAL_Driver/Src/stm32l4xx_hal.o
                0x0000000020000028                uwTickFreq
 *fill*         0x0000000020000029        0x3 
 .data._impure_ptr
                0x000000002000002c        0x4 /usr/bin/../lib/gcc/arm-none-eabi/11.2.1/../../../../arm-none-eabi/lib/thumb/v7e-m+fp/hard/libc_nano.a(lib_a-impure.o)
                0x000000002000002c                _impure_ptr
 .data.impure_data
                0x0000000020000030       0x60 /usr/bin/../lib/gcc/arm-none-eabi/11.2.1/../../../../arm-none-eabi/lib/thumb/v7e-m+fp/hard/libc_nano.a(lib_a-impure.o)
 *(.RamFunc)
 *(.RamFunc*)
                0x0000000020000090                . = ALIGN (0x4)
                0x0000000020000090                _edata = .

.tm_clone_table
                0x0000000020000090        0x0 load address 0x0000000008008648
 .tm_clone_table
                0x0000000020000090        0x0 /usr/bin/../lib/gcc/arm-none-eabi/11.2.1/thumb/v7e-m+fp/hard/crtbegin.o
 .tm_clone_table
                0x0000000020000090        0x0 /usr/bin/../lib/gcc/arm-none-eabi/11.2.1/thumb/v7e-m+fp/hard/crtend.o

.igot.plt       0x0000000020000090        0x0 load address 0x0000000008008648
 .igot.plt      0x0000000020000090        0x0 /usr/bin/../lib/gcc/arm-none-eabi/11.2.1/thumb/v7e-m+fp/hard/crtbegin.o
                0x0000000020000090                . = ALIGN (0x4)

.bss            0x0000000020000090      0x610 load address 0x0000000008008648
                0x0000000020000090                _sbss = .
                0x0000000020000090                __bss_start__ = _sbss
 *(.bss)
 *(.bss*)
 .bss.completed.1
                0x0000000020000090        0x1 /usr/bin/../lib/gcc/arm-none-eabi/11.2.1/thumb/v7e-m+fp/hard/crtbegin.o
 *fill*         0x0000000020000091        0x3 
 .bss.object.0  0x0000000020000094       0x18 /usr/bin/../lib/gcc/arm-none-eabi/11.2.1/thumb/v7e-m+fp/hard/crtbegin.o
 .bss.bnrg_expansion_board
                0x00000000200000ac        0x1 ./BlueNRG_MS/App/app_bluenrg_ms.o
                0x00000000200000ac                bnrg_expansion_board
 .bss.user_button_pressed
                0x00000000200000ad        0x1 ./BlueNRG_MS/App/app_bluenrg_ms.o
 .bss.triggered
                0x00000000200000ae        0x1 ./BlueNRG_MS/App/app_bluenrg_ms.o
                0x00000000200000ae                triggered
 *fill*         0x00000000200000af        0x1 
 .bss.trigger_amount
                0x00000000200000b0        0x2 ./BlueNRG_MS/App/app_bluenrg_ms.o
                0x00000000200000b0                trigger_amount
 *fill*         0x00000000200000b2        0x2 
 .bss.connected
                0x00000000200000b4        0x4 ./BlueNRG_MS/App/sample_service.o
                0x00000000200000b4                connected
 .bss.connection_handle
                0x00000000200000b8        0x2 ./BlueNRG_MS/App/sample_service.o
                0x00000000200000b8                connection_handle
 .bss.notification_enabled
                0x00000000200000ba        0x1 ./BlueNRG_MS/App/sample_service.o
                0x00000000200000ba                notification_enabled
 .bss.start_read_tx_char_handle
                0x00000000200000bb        0x1 ./BlueNRG_MS/App/sample_service.o
                0x00000000200000bb                start_read_tx_char_handle
 .bss.start_read_rx_char_handle
                0x00000000200000bc        0x1 ./BlueNRG_MS/App/sample_service.o
                0x00000000200000bc                start_read_rx_char_handle
 .bss.end_read_tx_char_handle
                0x00000000200000bd        0x1 ./BlueNRG_MS/App/sample_service.o
                0x00000000200000bd                end_read_tx_char_handle
 .bss.end_read_rx_char_handle
                0x00000000200000be        0x1 ./BlueNRG_MS/App/sample_service.o
                0x00000000200000be                end_read_rx_char_handle
 *fill*         0x00000000200000bf        0x1 
 .bss.tx_handle
                0x00000000200000c0        0x2 ./BlueNRG_MS/App/sample_service.o
                0x00000000200000c0                tx_handle
 .bss.rx_handle
                0x00000000200000c2        0x2 ./BlueNRG_MS/App/sample_service.o
                0x00000000200000c2                rx_handle
 .bss.sampleServHandle
                0x00000000200000c4        0x2 ./BlueNRG_MS/App/sample_service.o
                0x00000000200000c4                sampleServHandle
 .bss.TXCharHandle
                0x00000000200000c6        0x2 ./BlueNRG_MS/App/sample_service.o
                0x00000000200000c6                TXCharHandle
 .bss.RXCharHandle
                0x00000000200000c8        0x2 ./BlueNRG_MS/App/sample_service.o
                0x00000000200000c8                RXCharHandle
 *fill*         0x00000000200000ca        0x2 
 .bss.hexti4    0x00000000200000cc        0x8 ./BlueNRG_MS/Target/hci_tl_interface.o
                0x00000000200000cc                hexti4
 .bss.read_char_buf.0
                0x00000000200000d4       0xff ./BlueNRG_MS/Target/hci_tl_interface.o
 *fill*         0x00000000200001d3        0x1 
 .bss.hspi1     0x00000000200001d4       0x64 ./Core/Src/custom_bus.o
                0x00000000200001d4                hspi1
 .bss.SPI1InitCounter
                0x0000000020000238        0x4 ./Core/Src/custom_bus.o
 .bss.huart1    0x000000002000023c       0x84 ./Core/Src/main.o
                0x000000002000023c                huart1
 .bss.current_window_sample_amount
                0x00000000200002c0        0x4 ./Core/Src/main.o
                0x00000000200002c0                current_window_sample_amount
 .bss.data      0x00000000200002c4       0x10 ./Core/Src/main.o
                0x00000000200002c4                data
 .bss.triggers  0x00000000200002d4       0x20 ./Core/Src/main.o
                0x00000000200002d4                triggers
 .bss.spikes    0x00000000200002f4       0x20 ./Core/Src/main.o
                0x00000000200002f4                spikes
 .bss.callbacks
                0x0000000020000314        0x4 ./Core/Src/main.o
                0x0000000020000314                callbacks
 .bss.__sbrk_heap_end
                0x0000000020000318        0x4 ./Core/Src/sysmem.o
 .bss.hcom_uart
                0x000000002000031c       0x84 ./Drivers/BSP/custom/custom.o
                0x000000002000031c                hcom_uart
 .bss.COM_ActiveLogPort
                0x00000000200003a0        0x1 ./Drivers/BSP/custom/custom.o
 *fill*         0x00000000200003a1        0x3 
 .bss.uwTick    0x00000000200003a4        0x4 ./Drivers/STM32L4xx_HAL_Driver/Src/stm32l4xx_hal.o
                0x00000000200003a4                uwTick
 .bss.hciReadPktPool
                0x00000000200003a8        0x8 ./Middlewares/ST/BlueNRG-MS/hci/hci_tl_patterns/Basic/hci_tl.o
                0x00000000200003a8                hciReadPktPool
 .bss.hciReadPktRxQueue
                0x00000000200003b0        0x8 ./Middlewares/ST/BlueNRG-MS/hci/hci_tl_patterns/Basic/hci_tl.o
                0x00000000200003b0                hciReadPktRxQueue
 .bss.hciReadPacketBuffer
                0x00000000200003b8      0x2bc ./Middlewares/ST/BlueNRG-MS/hci/hci_tl_patterns/Basic/hci_tl.o
 .bss.hciContext
                0x0000000020000674       0x20 ./Middlewares/ST/BlueNRG-MS/hci/hci_tl_patterns/Basic/hci_tl.o
 .bss.__malloc_free_list
                0x0000000020000694        0x4 /usr/bin/../lib/gcc/arm-none-eabi/11.2.1/../../../../arm-none-eabi/lib/thumb/v7e-m+fp/hard/libc_nano.a(lib_a-nano-mallocr.o)
                0x0000000020000694                __malloc_free_list
 .bss.__malloc_sbrk_start
                0x0000000020000698        0x4 /usr/bin/../lib/gcc/arm-none-eabi/11.2.1/../../../../arm-none-eabi/lib/thumb/v7e-m+fp/hard/libc_nano.a(lib_a-nano-mallocr.o)
                0x0000000020000698                __malloc_sbrk_start
 .bss.errno     0x000000002000069c        0x4 /usr/bin/../lib/gcc/arm-none-eabi/11.2.1/../../../../arm-none-eabi/lib/thumb/v7e-m+fp/hard/libc_nano.a(lib_a-reent.o)
                0x000000002000069c                errno
 *(COMMON)
                0x00000000200006a0                . = ALIGN (0x4)
                0x00000000200006a0                _ebss = .
                0x00000000200006a0                __bss_end__ = _ebss

._user_heap_stack
                0x00000000200006a0      0x600 load address 0x0000000008008648
                0x00000000200006a0                . = ALIGN (0x8)
                [!provide]                        PROVIDE (end = .)
                0x00000000200006a0                PROVIDE (_end = .)
                0x00000000200008a0                . = (. + _Min_Heap_Size)
 *fill*         0x00000000200006a0      0x200 
                0x0000000020000ca0                . = (. + _Min_Stack_Size)
 *fill*         0x00000000200008a0      0x400 
                0x0000000020000ca0                . = ALIGN (0x8)

/DISCARD/
 libc.a(*)
 libm.a(*)
 libgcc.a(*)

.ARM.attributes
                0x0000000000000000       0x30
 *(.ARM.attributes)
 .ARM.attributes
                0x0000000000000000       0x1e /usr/bin/../lib/gcc/arm-none-eabi/11.2.1/thumb/v7e-m+fp/hard/crti.o
 .ARM.attributes
                0x000000000000001e       0x34 /usr/bin/../lib/gcc/arm-none-eabi/11.2.1/thumb/v7e-m+fp/hard/crtbegin.o
 .ARM.attributes
                0x0000000000000052       0x34 ./BlueNRG_MS/App/app_bluenrg_ms.o
 .ARM.attributes
                0x0000000000000086       0x34 ./BlueNRG_MS/App/sample_service.o
 .ARM.attributes
                0x00000000000000ba       0x34 ./BlueNRG_MS/Target/hci_tl_interface.o
 .ARM.attributes
                0x00000000000000ee       0x34 ./Core/Src/custom_bus.o
 .ARM.attributes
                0x0000000000000122       0x34 ./Core/Src/main.o
 .ARM.attributes
                0x0000000000000156       0x34 ./Core/Src/stm32l4xx_hal_msp.o
 .ARM.attributes
                0x000000000000018a       0x34 ./Core/Src/stm32l4xx_it.o
 .ARM.attributes
                0x00000000000001be       0x34 ./Core/Src/syscalls.o
 .ARM.attributes
                0x00000000000001f2       0x34 ./Core/Src/sysmem.o
 .ARM.attributes
                0x0000000000000226       0x34 ./Core/Src/system_stm32l4xx.o
 .ARM.attributes
                0x000000000000025a       0x21 ./Core/Startup/startup_stm32l431rctx.o
 .ARM.attributes
                0x000000000000027b       0x34 ./Drivers/BSP/custom/custom.o
 .ARM.attributes
                0x00000000000002af       0x34 ./Drivers/STM32L4xx_HAL_Driver/Src/stm32l4xx_hal.o
 .ARM.attributes
                0x00000000000002e3       0x34 ./Drivers/STM32L4xx_HAL_Driver/Src/stm32l4xx_hal_cortex.o
 .ARM.attributes
                0x0000000000000317       0x34 ./Drivers/STM32L4xx_HAL_Driver/Src/stm32l4xx_hal_dma.o
 .ARM.attributes
                0x000000000000034b       0x34 ./Drivers/STM32L4xx_HAL_Driver/Src/stm32l4xx_hal_exti.o
 .ARM.attributes
                0x000000000000037f       0x34 ./Drivers/STM32L4xx_HAL_Driver/Src/stm32l4xx_hal_gpio.o
 .ARM.attributes
                0x00000000000003b3       0x34 ./Drivers/STM32L4xx_HAL_Driver/Src/stm32l4xx_hal_pwr_ex.o
 .ARM.attributes
                0x00000000000003e7       0x34 ./Drivers/STM32L4xx_HAL_Driver/Src/stm32l4xx_hal_rcc.o
 .ARM.attributes
                0x000000000000041b       0x34 ./Drivers/STM32L4xx_HAL_Driver/Src/stm32l4xx_hal_rcc_ex.o
 .ARM.attributes
                0x000000000000044f       0x34 ./Drivers/STM32L4xx_HAL_Driver/Src/stm32l4xx_hal_spi.o
 .ARM.attributes
                0x0000000000000483       0x34 ./Drivers/STM32L4xx_HAL_Driver/Src/stm32l4xx_hal_uart.o
 .ARM.attributes
                0x00000000000004b7       0x34 ./Drivers/STM32L4xx_HAL_Driver/Src/stm32l4xx_hal_uart_ex.o
 .ARM.attributes
                0x00000000000004eb       0x34 ./Middlewares/ST/BlueNRG-MS/hci/controller/bluenrg_gap_aci.o
 .ARM.attributes
                0x000000000000051f       0x34 ./Middlewares/ST/BlueNRG-MS/hci/controller/bluenrg_gatt_aci.o
 .ARM.attributes
                0x0000000000000553       0x34 ./Middlewares/ST/BlueNRG-MS/hci/controller/bluenrg_hal_aci.o
 .ARM.attributes
                0x0000000000000587       0x34 ./Middlewares/ST/BlueNRG-MS/hci/controller/bluenrg_utils_small.o
 .ARM.attributes
                0x00000000000005bb       0x34 ./Middlewares/ST/BlueNRG-MS/hci/hci_le.o
 .ARM.attributes
                0x00000000000005ef       0x34 ./Middlewares/ST/BlueNRG-MS/hci/hci_tl_patterns/Basic/hci_tl.o
 .ARM.attributes
                0x0000000000000623       0x34 ./Middlewares/ST/BlueNRG-MS/utils/ble_list.o
 .ARM.attributes
                0x0000000000000657       0x34 /usr/bin/../lib/gcc/arm-none-eabi/11.2.1/../../../../arm-none-eabi/lib/thumb/v7e-m+fp/hard/libc_nano.a(lib_a-errno.o)
 .ARM.attributes
                0x000000000000068b       0x34 /usr/bin/../lib/gcc/arm-none-eabi/11.2.1/../../../../arm-none-eabi/lib/thumb/v7e-m+fp/hard/libc_nano.a(lib_a-fflush.o)
 .ARM.attributes
                0x00000000000006bf       0x34 /usr/bin/../lib/gcc/arm-none-eabi/11.2.1/../../../../arm-none-eabi/lib/thumb/v7e-m+fp/hard/libc_nano.a(lib_a-findfp.o)
 .ARM.attributes
                0x00000000000006f3       0x34 /usr/bin/../lib/gcc/arm-none-eabi/11.2.1/../../../../arm-none-eabi/lib/thumb/v7e-m+fp/hard/libc_nano.a(lib_a-fwalk.o)
 .ARM.attributes
                0x0000000000000727       0x34 /usr/bin/../lib/gcc/arm-none-eabi/11.2.1/../../../../arm-none-eabi/lib/thumb/v7e-m+fp/hard/libc_nano.a(lib_a-impure.o)
 .ARM.attributes
                0x000000000000075b       0x34 /usr/bin/../lib/gcc/arm-none-eabi/11.2.1/../../../../arm-none-eabi/lib/thumb/v7e-m+fp/hard/libc_nano.a(lib_a-init.o)
 .ARM.attributes
                0x000000000000078f       0x34 /usr/bin/../lib/gcc/arm-none-eabi/11.2.1/../../../../arm-none-eabi/lib/thumb/v7e-m+fp/hard/libc_nano.a(lib_a-memcpy-stub.o)
 .ARM.attributes
                0x00000000000007c3       0x34 /usr/bin/../lib/gcc/arm-none-eabi/11.2.1/../../../../arm-none-eabi/lib/thumb/v7e-m+fp/hard/libc_nano.a(lib_a-memset.o)
 .ARM.attributes
                0x00000000000007f7       0x34 /usr/bin/../lib/gcc/arm-none-eabi/11.2.1/../../../../arm-none-eabi/lib/thumb/v7e-m+fp/hard/libc_nano.a(lib_a-nano-freer.o)
 .ARM.attributes
                0x000000000000082b       0x34 /usr/bin/../lib/gcc/arm-none-eabi/11.2.1/../../../../arm-none-eabi/lib/thumb/v7e-m+fp/hard/libc_nano.a(lib_a-nano-mallocr.o)
 .ARM.attributes
                0x000000000000085f       0x34 /usr/bin/../lib/gcc/arm-none-eabi/11.2.1/../../../../arm-none-eabi/lib/thumb/v7e-m+fp/hard/libc_nano.a(lib_a-printf.o)
 .ARM.attributes
                0x0000000000000893       0x34 /usr/bin/../lib/gcc/arm-none-eabi/11.2.1/../../../../arm-none-eabi/lib/thumb/v7e-m+fp/hard/libc_nano.a(lib_a-putchar.o)
 .ARM.attributes
                0x00000000000008c7       0x34 /usr/bin/../lib/gcc/arm-none-eabi/11.2.1/../../../../arm-none-eabi/lib/thumb/v7e-m+fp/hard/libc_nano.a(lib_a-putc.o)
 .ARM.attributes
                0x00000000000008fb       0x34 /usr/bin/../lib/gcc/arm-none-eabi/11.2.1/../../../../arm-none-eabi/lib/thumb/v7e-m+fp/hard/libc_nano.a(lib_a-puts.o)
 .ARM.attributes
                0x000000000000092f       0x34 /usr/bin/../lib/gcc/arm-none-eabi/11.2.1/../../../../arm-none-eabi/lib/thumb/v7e-m+fp/hard/libc_nano.a(lib_a-sbrkr.o)
 .ARM.attributes
                0x0000000000000963       0x34 /usr/bin/../lib/gcc/arm-none-eabi/11.2.1/../../../../arm-none-eabi/lib/thumb/v7e-m+fp/hard/libc_nano.a(lib_a-stdio.o)
 .ARM.attributes
                0x0000000000000997       0x34 /usr/bin/../lib/gcc/arm-none-eabi/11.2.1/../../../../arm-none-eabi/lib/thumb/v7e-m+fp/hard/libc_nano.a(lib_a-wbuf.o)
 .ARM.attributes
                0x00000000000009cb       0x34 /usr/bin/../lib/gcc/arm-none-eabi/11.2.1/../../../../arm-none-eabi/lib/thumb/v7e-m+fp/hard/libc_nano.a(lib_a-writer.o)
 .ARM.attributes
                0x00000000000009ff       0x34 /usr/bin/../lib/gcc/arm-none-eabi/11.2.1/../../../../arm-none-eabi/lib/thumb/v7e-m+fp/hard/libc_nano.a(lib_a-wsetup.o)
 .ARM.attributes
                0x0000000000000a33       0x34 /usr/bin/../lib/gcc/arm-none-eabi/11.2.1/../../../../arm-none-eabi/lib/thumb/v7e-m+fp/hard/libc_nano.a(lib_a-closer.o)
 .ARM.attributes
                0x0000000000000a67       0x34 /usr/bin/../lib/gcc/arm-none-eabi/11.2.1/../../../../arm-none-eabi/lib/thumb/v7e-m+fp/hard/libc_nano.a(lib_a-lseekr.o)
 .ARM.attributes
                0x0000000000000a9b       0x34 /usr/bin/../lib/gcc/arm-none-eabi/11.2.1/../../../../arm-none-eabi/lib/thumb/v7e-m+fp/hard/libc_nano.a(lib_a-makebuf.o)
 .ARM.attributes
                0x0000000000000acf       0x34 /usr/bin/../lib/gcc/arm-none-eabi/11.2.1/../../../../arm-none-eabi/lib/thumb/v7e-m+fp/hard/libc_nano.a(lib_a-mlock.o)
 .ARM.attributes
                0x0000000000000b03       0x34 /usr/bin/../lib/gcc/arm-none-eabi/11.2.1/../../../../arm-none-eabi/lib/thumb/v7e-m+fp/hard/libc_nano.a(lib_a-nano-vfprintf.o)
 .ARM.attributes
                0x0000000000000b37       0x34 /usr/bin/../lib/gcc/arm-none-eabi/11.2.1/../../../../arm-none-eabi/lib/thumb/v7e-m+fp/hard/libc_nano.a(lib_a-readr.o)
 .ARM.attributes
                0x0000000000000b6b       0x34 /usr/bin/../lib/gcc/arm-none-eabi/11.2.1/../../../../arm-none-eabi/lib/thumb/v7e-m+fp/hard/libc_nano.a(lib_a-reent.o)
 .ARM.attributes
                0x0000000000000b9f       0x34 /usr/bin/../lib/gcc/arm-none-eabi/11.2.1/../../../../arm-none-eabi/lib/thumb/v7e-m+fp/hard/libc_nano.a(lib_a-fstatr.o)
 .ARM.attributes
                0x0000000000000bd3       0x34 /usr/bin/../lib/gcc/arm-none-eabi/11.2.1/../../../../arm-none-eabi/lib/thumb/v7e-m+fp/hard/libc_nano.a(lib_a-isattyr.o)
 .ARM.attributes
                0x0000000000000c07       0x1c /usr/bin/../lib/gcc/arm-none-eabi/11.2.1/../../../../arm-none-eabi/lib/thumb/v7e-m+fp/hard/libc_nano.a(lib_a-memchr.o)
 .ARM.attributes
                0x0000000000000c23       0x34 /usr/bin/../lib/gcc/arm-none-eabi/11.2.1/../../../../arm-none-eabi/lib/thumb/v7e-m+fp/hard/libc_nano.a(lib_a-nano-vfprintf_i.o)
 .ARM.attributes
                0x0000000000000c57       0x1e /usr/bin/../lib/gcc/arm-none-eabi/11.2.1/thumb/v7e-m+fp/hard/libgcc.a(_aeabi_uldivmod.o)
 .ARM.attributes
                0x0000000000000c75       0x34 /usr/bin/../lib/gcc/arm-none-eabi/11.2.1/thumb/v7e-m+fp/hard/libgcc.a(_udivmoddi4.o)
 .ARM.attributes
                0x0000000000000ca9       0x1e /usr/bin/../lib/gcc/arm-none-eabi/11.2.1/thumb/v7e-m+fp/hard/libgcc.a(_dvmd_tls.o)
 .ARM.attributes
                0x0000000000000cc7       0x34 /usr/bin/../lib/gcc/arm-none-eabi/11.2.1/thumb/v7e-m+fp/hard/crtend.o
 .ARM.attributes
                0x0000000000000cfb       0x1e /usr/bin/../lib/gcc/arm-none-eabi/11.2.1/thumb/v7e-m+fp/hard/crtn.o
OUTPUT(sendAlertProtoBoard.elf elf32-littlearm)
LOAD linker stubs
LOAD /usr/bin/../lib/gcc/arm-none-eabi/11.2.1/../../../../arm-none-eabi/lib/thumb/v7e-m+fp/hard/libc.a
LOAD /usr/bin/../lib/gcc/arm-none-eabi/11.2.1/../../../../arm-none-eabi/lib/thumb/v7e-m+fp/hard/libm.a
LOAD /usr/bin/../lib/gcc/arm-none-eabi/11.2.1/thumb/v7e-m+fp/hard/libgcc.a

.comment        0x0000000000000000       0x57
 .comment       0x0000000000000000       0x57 /usr/bin/../lib/gcc/arm-none-eabi/11.2.1/thumb/v7e-m+fp/hard/crtbegin.o
                                         0x58 (size before relaxing)
 .comment       0x0000000000000057       0x58 ./BlueNRG_MS/App/app_bluenrg_ms.o
 .comment       0x0000000000000057       0x58 ./BlueNRG_MS/App/sample_service.o
 .comment       0x0000000000000057       0x58 ./BlueNRG_MS/Target/hci_tl_interface.o
 .comment       0x0000000000000057       0x58 ./Core/Src/custom_bus.o
 .comment       0x0000000000000057       0x58 ./Core/Src/main.o
 .comment       0x0000000000000057       0x58 ./Core/Src/stm32l4xx_hal_msp.o
 .comment       0x0000000000000057       0x58 ./Core/Src/stm32l4xx_it.o
 .comment       0x0000000000000057       0x58 ./Core/Src/syscalls.o
 .comment       0x0000000000000057       0x58 ./Core/Src/sysmem.o
 .comment       0x0000000000000057       0x58 ./Core/Src/system_stm32l4xx.o
 .comment       0x0000000000000057       0x58 ./Drivers/BSP/custom/custom.o
 .comment       0x0000000000000057       0x58 ./Drivers/STM32L4xx_HAL_Driver/Src/stm32l4xx_hal.o
 .comment       0x0000000000000057       0x58 ./Drivers/STM32L4xx_HAL_Driver/Src/stm32l4xx_hal_cortex.o
 .comment       0x0000000000000057       0x58 ./Drivers/STM32L4xx_HAL_Driver/Src/stm32l4xx_hal_dma.o
 .comment       0x0000000000000057       0x58 ./Drivers/STM32L4xx_HAL_Driver/Src/stm32l4xx_hal_exti.o
 .comment       0x0000000000000057       0x58 ./Drivers/STM32L4xx_HAL_Driver/Src/stm32l4xx_hal_gpio.o
 .comment       0x0000000000000057       0x58 ./Drivers/STM32L4xx_HAL_Driver/Src/stm32l4xx_hal_pwr_ex.o
 .comment       0x0000000000000057       0x58 ./Drivers/STM32L4xx_HAL_Driver/Src/stm32l4xx_hal_rcc.o
 .comment       0x0000000000000057       0x58 ./Drivers/STM32L4xx_HAL_Driver/Src/stm32l4xx_hal_rcc_ex.o
 .comment       0x0000000000000057       0x58 ./Drivers/STM32L4xx_HAL_Driver/Src/stm32l4xx_hal_spi.o
 .comment       0x0000000000000057       0x58 ./Drivers/STM32L4xx_HAL_Driver/Src/stm32l4xx_hal_uart.o
 .comment       0x0000000000000057       0x58 ./Drivers/STM32L4xx_HAL_Driver/Src/stm32l4xx_hal_uart_ex.o
 .comment       0x0000000000000057       0x58 ./Middlewares/ST/BlueNRG-MS/hci/controller/bluenrg_gap_aci.o
 .comment       0x0000000000000057       0x58 ./Middlewares/ST/BlueNRG-MS/hci/controller/bluenrg_gatt_aci.o
 .comment       0x0000000000000057       0x58 ./Middlewares/ST/BlueNRG-MS/hci/controller/bluenrg_hal_aci.o
 .comment       0x0000000000000057       0x58 ./Middlewares/ST/BlueNRG-MS/hci/controller/bluenrg_utils_small.o
 .comment       0x0000000000000057       0x58 ./Middlewares/ST/BlueNRG-MS/hci/hci_le.o
 .comment       0x0000000000000057       0x58 ./Middlewares/ST/BlueNRG-MS/hci/hci_tl_patterns/Basic/hci_tl.o
 .comment       0x0000000000000057       0x58 ./Middlewares/ST/BlueNRG-MS/utils/ble_list.o
 .comment       0x0000000000000057       0x58 /usr/bin/../lib/gcc/arm-none-eabi/11.2.1/../../../../arm-none-eabi/lib/thumb/v7e-m+fp/hard/libc_nano.a(lib_a-errno.o)
 .comment       0x0000000000000057       0x58 /usr/bin/../lib/gcc/arm-none-eabi/11.2.1/../../../../arm-none-eabi/lib/thumb/v7e-m+fp/hard/libc_nano.a(lib_a-fflush.o)
 .comment       0x0000000000000057       0x58 /usr/bin/../lib/gcc/arm-none-eabi/11.2.1/../../../../arm-none-eabi/lib/thumb/v7e-m+fp/hard/libc_nano.a(lib_a-findfp.o)
 .comment       0x0000000000000057       0x58 /usr/bin/../lib/gcc/arm-none-eabi/11.2.1/../../../../arm-none-eabi/lib/thumb/v7e-m+fp/hard/libc_nano.a(lib_a-fwalk.o)
 .comment       0x0000000000000057       0x58 /usr/bin/../lib/gcc/arm-none-eabi/11.2.1/../../../../arm-none-eabi/lib/thumb/v7e-m+fp/hard/libc_nano.a(lib_a-impure.o)
 .comment       0x0000000000000057       0x58 /usr/bin/../lib/gcc/arm-none-eabi/11.2.1/../../../../arm-none-eabi/lib/thumb/v7e-m+fp/hard/libc_nano.a(lib_a-init.o)
 .comment       0x0000000000000057       0x58 /usr/bin/../lib/gcc/arm-none-eabi/11.2.1/../../../../arm-none-eabi/lib/thumb/v7e-m+fp/hard/libc_nano.a(lib_a-memcpy-stub.o)
 .comment       0x0000000000000057       0x58 /usr/bin/../lib/gcc/arm-none-eabi/11.2.1/../../../../arm-none-eabi/lib/thumb/v7e-m+fp/hard/libc_nano.a(lib_a-memset.o)
 .comment       0x0000000000000057       0x58 /usr/bin/../lib/gcc/arm-none-eabi/11.2.1/../../../../arm-none-eabi/lib/thumb/v7e-m+fp/hard/libc_nano.a(lib_a-nano-freer.o)
 .comment       0x0000000000000057       0x58 /usr/bin/../lib/gcc/arm-none-eabi/11.2.1/../../../../arm-none-eabi/lib/thumb/v7e-m+fp/hard/libc_nano.a(lib_a-nano-mallocr.o)
 .comment       0x0000000000000057       0x58 /usr/bin/../lib/gcc/arm-none-eabi/11.2.1/../../../../arm-none-eabi/lib/thumb/v7e-m+fp/hard/libc_nano.a(lib_a-printf.o)
 .comment       0x0000000000000057       0x58 /usr/bin/../lib/gcc/arm-none-eabi/11.2.1/../../../../arm-none-eabi/lib/thumb/v7e-m+fp/hard/libc_nano.a(lib_a-putchar.o)
 .comment       0x0000000000000057       0x58 /usr/bin/../lib/gcc/arm-none-eabi/11.2.1/../../../../arm-none-eabi/lib/thumb/v7e-m+fp/hard/libc_nano.a(lib_a-putc.o)
 .comment       0x0000000000000057       0x58 /usr/bin/../lib/gcc/arm-none-eabi/11.2.1/../../../../arm-none-eabi/lib/thumb/v7e-m+fp/hard/libc_nano.a(lib_a-puts.o)
 .comment       0x0000000000000057       0x58 /usr/bin/../lib/gcc/arm-none-eabi/11.2.1/../../../../arm-none-eabi/lib/thumb/v7e-m+fp/hard/libc_nano.a(lib_a-sbrkr.o)
 .comment       0x0000000000000057       0x58 /usr/bin/../lib/gcc/arm-none-eabi/11.2.1/../../../../arm-none-eabi/lib/thumb/v7e-m+fp/hard/libc_nano.a(lib_a-stdio.o)
 .comment       0x0000000000000057       0x58 /usr/bin/../lib/gcc/arm-none-eabi/11.2.1/../../../../arm-none-eabi/lib/thumb/v7e-m+fp/hard/libc_nano.a(lib_a-wbuf.o)
 .comment       0x0000000000000057       0x58 /usr/bin/../lib/gcc/arm-none-eabi/11.2.1/../../../../arm-none-eabi/lib/thumb/v7e-m+fp/hard/libc_nano.a(lib_a-writer.o)
 .comment       0x0000000000000057       0x58 /usr/bin/../lib/gcc/arm-none-eabi/11.2.1/../../../../arm-none-eabi/lib/thumb/v7e-m+fp/hard/libc_nano.a(lib_a-wsetup.o)
 .comment       0x0000000000000057       0x58 /usr/bin/../lib/gcc/arm-none-eabi/11.2.1/../../../../arm-none-eabi/lib/thumb/v7e-m+fp/hard/libc_nano.a(lib_a-closer.o)
 .comment       0x0000000000000057       0x58 /usr/bin/../lib/gcc/arm-none-eabi/11.2.1/../../../../arm-none-eabi/lib/thumb/v7e-m+fp/hard/libc_nano.a(lib_a-lseekr.o)
 .comment       0x0000000000000057       0x58 /usr/bin/../lib/gcc/arm-none-eabi/11.2.1/../../../../arm-none-eabi/lib/thumb/v7e-m+fp/hard/libc_nano.a(lib_a-makebuf.o)
 .comment       0x0000000000000057       0x58 /usr/bin/../lib/gcc/arm-none-eabi/11.2.1/../../../../arm-none-eabi/lib/thumb/v7e-m+fp/hard/libc_nano.a(lib_a-mlock.o)
 .comment       0x0000000000000057       0x58 /usr/bin/../lib/gcc/arm-none-eabi/11.2.1/../../../../arm-none-eabi/lib/thumb/v7e-m+fp/hard/libc_nano.a(lib_a-nano-vfprintf.o)
 .comment       0x0000000000000057       0x58 /usr/bin/../lib/gcc/arm-none-eabi/11.2.1/../../../../arm-none-eabi/lib/thumb/v7e-m+fp/hard/libc_nano.a(lib_a-readr.o)
 .comment       0x0000000000000057       0x58 /usr/bin/../lib/gcc/arm-none-eabi/11.2.1/../../../../arm-none-eabi/lib/thumb/v7e-m+fp/hard/libc_nano.a(lib_a-reent.o)
 .comment       0x0000000000000057       0x58 /usr/bin/../lib/gcc/arm-none-eabi/11.2.1/../../../../arm-none-eabi/lib/thumb/v7e-m+fp/hard/libc_nano.a(lib_a-fstatr.o)
 .comment       0x0000000000000057       0x58 /usr/bin/../lib/gcc/arm-none-eabi/11.2.1/../../../../arm-none-eabi/lib/thumb/v7e-m+fp/hard/libc_nano.a(lib_a-isattyr.o)
 .comment       0x0000000000000057       0x58 /usr/bin/../lib/gcc/arm-none-eabi/11.2.1/../../../../arm-none-eabi/lib/thumb/v7e-m+fp/hard/libc_nano.a(lib_a-nano-vfprintf_i.o)
 .comment       0x0000000000000057       0x58 /usr/bin/../lib/gcc/arm-none-eabi/11.2.1/thumb/v7e-m+fp/hard/libgcc.a(_udivmoddi4.o)
 .comment       0x0000000000000057       0x58 /usr/bin/../lib/gcc/arm-none-eabi/11.2.1/thumb/v7e-m+fp/hard/crtend.o

.debug_info     0x0000000000000000    0x29ec6
 .debug_info    0x0000000000000000      0x5bf ./BlueNRG_MS/App/app_bluenrg_ms.o
 .debug_info    0x00000000000005bf     0x13f3 ./BlueNRG_MS/App/sample_service.o
 .debug_info    0x00000000000019b2      0xa7c ./BlueNRG_MS/Target/hci_tl_interface.o
 .debug_info    0x000000000000242e      0xbb2 ./Core/Src/custom_bus.o
 .debug_info    0x0000000000002fe0     0x111a ./Core/Src/main.o
 .debug_info    0x00000000000040fa      0xe64 ./Core/Src/stm32l4xx_hal_msp.o
 .debug_info    0x0000000000004f5e      0x7e1 ./Core/Src/stm32l4xx_it.o
 .debug_info    0x000000000000573f      0x6a3 ./Core/Src/syscalls.o
 .debug_info    0x0000000000005de2      0x168 ./Core/Src/sysmem.o
 .debug_info    0x0000000000005f4a      0x5bf ./Core/Src/system_stm32l4xx.o
 .debug_info    0x0000000000006509       0x23 ./Core/Startup/startup_stm32l431rctx.o
 .debug_info    0x000000000000652c     0x1620 ./Drivers/BSP/custom/custom.o
 .debug_info    0x0000000000007b4c      0xa93 ./Drivers/STM32L4xx_HAL_Driver/Src/stm32l4xx_hal.o
 .debug_info    0x00000000000085df      0xce6 ./Drivers/STM32L4xx_HAL_Driver/Src/stm32l4xx_hal_cortex.o
 .debug_info    0x00000000000092c5      0x6f4 ./Drivers/STM32L4xx_HAL_Driver/Src/stm32l4xx_hal_dma.o
 .debug_info    0x00000000000099b9      0x649 ./Drivers/STM32L4xx_HAL_Driver/Src/stm32l4xx_hal_exti.o
 .debug_info    0x000000000000a002      0x757 ./Drivers/STM32L4xx_HAL_Driver/Src/stm32l4xx_hal_gpio.o
 .debug_info    0x000000000000a759      0x8c6 ./Drivers/STM32L4xx_HAL_Driver/Src/stm32l4xx_hal_pwr_ex.o
 .debug_info    0x000000000000b01f      0xbc3 ./Drivers/STM32L4xx_HAL_Driver/Src/stm32l4xx_hal_rcc.o
 .debug_info    0x000000000000bbe2      0xeff ./Drivers/STM32L4xx_HAL_Driver/Src/stm32l4xx_hal_rcc_ex.o
 .debug_info    0x000000000000cae1     0x161a ./Drivers/STM32L4xx_HAL_Driver/Src/stm32l4xx_hal_spi.o
 .debug_info    0x000000000000e0fb     0x3ae3 ./Drivers/STM32L4xx_HAL_Driver/Src/stm32l4xx_hal_uart.o
 .debug_info    0x0000000000011bde      0xda2 ./Drivers/STM32L4xx_HAL_Driver/Src/stm32l4xx_hal_uart_ex.o
 .debug_info    0x0000000000012980     0x21a3 ./Middlewares/ST/BlueNRG-MS/hci/controller/bluenrg_gap_aci.o
 .debug_info    0x0000000000014b23     0x2298 ./Middlewares/ST/BlueNRG-MS/hci/controller/bluenrg_gatt_aci.o
 .debug_info    0x0000000000016dbb      0x6f7 ./Middlewares/ST/BlueNRG-MS/hci/controller/bluenrg_hal_aci.o
 .debug_info    0x00000000000174b2      0x168 ./Middlewares/ST/BlueNRG-MS/hci/controller/bluenrg_utils_small.o
 .debug_info    0x000000000001761a     0x15a4 ./Middlewares/ST/BlueNRG-MS/hci/hci_le.o
 .debug_info    0x0000000000018bbe      0x892 ./Middlewares/ST/BlueNRG-MS/hci/hci_tl_patterns/Basic/hci_tl.o
 .debug_info    0x0000000000019450      0x6d5 ./Middlewares/ST/BlueNRG-MS/utils/ble_list.o
 .debug_info    0x0000000000019b25      0x751 /usr/bin/../lib/gcc/arm-none-eabi/11.2.1/../../../../arm-none-eabi/lib/thumb/v7e-m+fp/hard/libc_nano.a(lib_a-errno.o)
 .debug_info    0x000000000001a276      0xa4e /usr/bin/../lib/gcc/arm-none-eabi/11.2.1/../../../../arm-none-eabi/lib/thumb/v7e-m+fp/hard/libc_nano.a(lib_a-fflush.o)
 .debug_info    0x000000000001acc4      0xebd /usr/bin/../lib/gcc/arm-none-eabi/11.2.1/../../../../arm-none-eabi/lib/thumb/v7e-m+fp/hard/libc_nano.a(lib_a-findfp.o)
 .debug_info    0x000000000001bb81      0x88f /usr/bin/../lib/gcc/arm-none-eabi/11.2.1/../../../../arm-none-eabi/lib/thumb/v7e-m+fp/hard/libc_nano.a(lib_a-fwalk.o)
 .debug_info    0x000000000001c410      0x7fc /usr/bin/../lib/gcc/arm-none-eabi/11.2.1/../../../../arm-none-eabi/lib/thumb/v7e-m+fp/hard/libc_nano.a(lib_a-impure.o)
 .debug_info    0x000000000001cc0c      0x10b /usr/bin/../lib/gcc/arm-none-eabi/11.2.1/../../../../arm-none-eabi/lib/thumb/v7e-m+fp/hard/libc_nano.a(lib_a-init.o)
 .debug_info    0x000000000001cd17      0x121 /usr/bin/../lib/gcc/arm-none-eabi/11.2.1/../../../../arm-none-eabi/lib/thumb/v7e-m+fp/hard/libc_nano.a(lib_a-memcpy-stub.o)
 .debug_info    0x000000000001ce38       0xe0 /usr/bin/../lib/gcc/arm-none-eabi/11.2.1/../../../../arm-none-eabi/lib/thumb/v7e-m+fp/hard/libc_nano.a(lib_a-memset.o)
 .debug_info    0x000000000001cf18      0x89c /usr/bin/../lib/gcc/arm-none-eabi/11.2.1/../../../../arm-none-eabi/lib/thumb/v7e-m+fp/hard/libc_nano.a(lib_a-nano-freer.o)
 .debug_info    0x000000000001d7b4      0xa12 /usr/bin/../lib/gcc/arm-none-eabi/11.2.1/../../../../arm-none-eabi/lib/thumb/v7e-m+fp/hard/libc_nano.a(lib_a-nano-mallocr.o)
 .debug_info    0x000000000001e1c6      0x8d0 /usr/bin/../lib/gcc/arm-none-eabi/11.2.1/../../../../arm-none-eabi/lib/thumb/v7e-m+fp/hard/libc_nano.a(lib_a-printf.o)
 .debug_info    0x000000000001ea96      0x838 /usr/bin/../lib/gcc/arm-none-eabi/11.2.1/../../../../arm-none-eabi/lib/thumb/v7e-m+fp/hard/libc_nano.a(lib_a-putchar.o)
 .debug_info    0x000000000001f2ce      0x970 /usr/bin/../lib/gcc/arm-none-eabi/11.2.1/../../../../arm-none-eabi/lib/thumb/v7e-m+fp/hard/libc_nano.a(lib_a-putc.o)
 .debug_info    0x000000000001fc3e      0xa0f /usr/bin/../lib/gcc/arm-none-eabi/11.2.1/../../../../arm-none-eabi/lib/thumb/v7e-m+fp/hard/libc_nano.a(lib_a-puts.o)
 .debug_info    0x000000000002064d      0x7d2 /usr/bin/../lib/gcc/arm-none-eabi/11.2.1/../../../../arm-none-eabi/lib/thumb/v7e-m+fp/hard/libc_nano.a(lib_a-sbrkr.o)
 .debug_info    0x0000000000020e1f      0xaaa /usr/bin/../lib/gcc/arm-none-eabi/11.2.1/../../../../arm-none-eabi/lib/thumb/v7e-m+fp/hard/libc_nano.a(lib_a-stdio.o)
 .debug_info    0x00000000000218c9      0x953 /usr/bin/../lib/gcc/arm-none-eabi/11.2.1/../../../../arm-none-eabi/lib/thumb/v7e-m+fp/hard/libc_nano.a(lib_a-wbuf.o)
 .debug_info    0x000000000002221c      0x809 /usr/bin/../lib/gcc/arm-none-eabi/11.2.1/../../../../arm-none-eabi/lib/thumb/v7e-m+fp/hard/libc_nano.a(lib_a-writer.o)
 .debug_info    0x0000000000022a25      0x8af /usr/bin/../lib/gcc/arm-none-eabi/11.2.1/../../../../arm-none-eabi/lib/thumb/v7e-m+fp/hard/libc_nano.a(lib_a-wsetup.o)
 .debug_info    0x00000000000232d4      0x7ad /usr/bin/../lib/gcc/arm-none-eabi/11.2.1/../../../../arm-none-eabi/lib/thumb/v7e-m+fp/hard/libc_nano.a(lib_a-closer.o)
 .debug_info    0x0000000000023a81      0x7ec /usr/bin/../lib/gcc/arm-none-eabi/11.2.1/../../../../arm-none-eabi/lib/thumb/v7e-m+fp/hard/libc_nano.a(lib_a-lseekr.o)
 .debug_info    0x000000000002426d      0xb81 /usr/bin/../lib/gcc/arm-none-eabi/11.2.1/../../../../arm-none-eabi/lib/thumb/v7e-m+fp/hard/libc_nano.a(lib_a-makebuf.o)
 .debug_info    0x0000000000024dee      0x77c /usr/bin/../lib/gcc/arm-none-eabi/11.2.1/../../../../arm-none-eabi/lib/thumb/v7e-m+fp/hard/libc_nano.a(lib_a-mlock.o)
 .debug_info    0x000000000002556a     0x112d /usr/bin/../lib/gcc/arm-none-eabi/11.2.1/../../../../arm-none-eabi/lib/thumb/v7e-m+fp/hard/libc_nano.a(lib_a-nano-vfprintf.o)
 .debug_info    0x0000000000026697      0x803 /usr/bin/../lib/gcc/arm-none-eabi/11.2.1/../../../../arm-none-eabi/lib/thumb/v7e-m+fp/hard/libc_nano.a(lib_a-readr.o)
 .debug_info    0x0000000000026e9a      0x92c /usr/bin/../lib/gcc/arm-none-eabi/11.2.1/../../../../arm-none-eabi/lib/thumb/v7e-m+fp/hard/libc_nano.a(lib_a-reent.o)
 .debug_info    0x00000000000277c6      0x9cb /usr/bin/../lib/gcc/arm-none-eabi/11.2.1/../../../../arm-none-eabi/lib/thumb/v7e-m+fp/hard/libc_nano.a(lib_a-fstatr.o)
 .debug_info    0x0000000000028191      0x7ad /usr/bin/../lib/gcc/arm-none-eabi/11.2.1/../../../../arm-none-eabi/lib/thumb/v7e-m+fp/hard/libc_nano.a(lib_a-isattyr.o)
 .debug_info    0x000000000002893e       0x25 /usr/bin/../lib/gcc/arm-none-eabi/11.2.1/../../../../arm-none-eabi/lib/thumb/v7e-m+fp/hard/libc_nano.a(lib_a-memchr.o)