../Core/Src/main.c:100:6:setDataReady	8	static
../Core/Src/main.c:117:6:HAL_SPI_RxCpltCallback	16	static
../Core/Src/main.c:146:5:main	204824	static
../Core/Src/main.c:242:6:SystemClock_Config	96	static
../Core/Src/main.c:302:6:PeriphCommonClock_Config	160	static
../Core/Src/main.c:329:13:MX_ADC1_Init	32	static
../Core/Src/main.c:387:13:MX_DFSDM1_Init	8	static
../Core/Src/main.c:425:13:MX_I2C1_Init	8	static
../Core/Src/main.c:473:13:MX_I2C2_Init	8	static
../Core/Src/main.c:521:13:MX_OCTOSPI1_Init	32	static
../Core/Src/main.c:569:13:MX_SPI1_Init	8	static
../Core/Src/main.c:609:13:MX_SPI3_Init	8	static
../Core/Src/main.c:649:13:MX_TIM3_Init	64	static
../Core/Src/main.c:708:13:MX_UART4_Init	8	static
../Core/Src/main.c:756:13:MX_USART1_UART_Init	8	static
../Core/Src/main.c:804:13:MX_USART2_UART_Init	8	static
../Core/Src/main.c:852:13:MX_USART3_UART_Init	8	static
../Core/Src/main.c:900:13:MX_USB_OTG_FS_USB_Init	4	static
../Core/Src/main.c:921:13:MX_GPIO_Init	56	static
../Core/Src/main.c:1060:6:Error_Handler	4	static
